Archive member included to satisfy reference by file (symbol)

e:/altera/15.0/nios2eds/bin/gnu/h-x86_64-mingw32/bin/../lib/gcc/nios2-elf/4.9.1\libgcc.a(_fixunsdfsi.o)
                              obj/default/rt-thread/bsp/src/uart.o (__fixunsdfsi)
e:/altera/15.0/nios2eds/bin/gnu/h-x86_64-mingw32/bin/../lib/gcc/nios2-elf/4.9.1\libgcc.a(lib2-divmod.o)
                              obj/default/rt-thread/src/clock.o (__divsi3)
e:/altera/15.0/nios2eds/bin/gnu/h-x86_64-mingw32/bin/../lib/gcc/nios2-elf/4.9.1\libgcc.a(adddf3.o)
                              obj/default/rt-thread/bsp/src/uart.o (__adddf3)
e:/altera/15.0/nios2eds/bin/gnu/h-x86_64-mingw32/bin/../lib/gcc/nios2-elf/4.9.1\libgcc.a(gedf2.o)
                              e:/altera/15.0/nios2eds/bin/gnu/h-x86_64-mingw32/bin/../lib/gcc/nios2-elf/4.9.1\libgcc.a(_fixunsdfsi.o) (__gedf2)
e:/altera/15.0/nios2eds/bin/gnu/h-x86_64-mingw32/bin/../lib/gcc/nios2-elf/4.9.1\libgcc.a(subdf3.o)
                              e:/altera/15.0/nios2eds/bin/gnu/h-x86_64-mingw32/bin/../lib/gcc/nios2-elf/4.9.1\libgcc.a(_fixunsdfsi.o) (__subdf3)
e:/altera/15.0/nios2eds/bin/gnu/h-x86_64-mingw32/bin/../lib/gcc/nios2-elf/4.9.1\libgcc.a(fixdfsi.o)
                              e:/altera/15.0/nios2eds/bin/gnu/h-x86_64-mingw32/bin/../lib/gcc/nios2-elf/4.9.1\libgcc.a(_fixunsdfsi.o) (__fixdfsi)
e:/altera/15.0/nios2eds/bin/gnu/h-x86_64-mingw32/bin/../lib/gcc/nios2-elf/4.9.1\libgcc.a(floatunsidf.o)
                              obj/default/rt-thread/bsp/src/uart.o (__floatunsidf)
e:/altera/15.0/nios2eds/bin/gnu/h-x86_64-mingw32/bin/../lib/gcc/nios2-elf/4.9.1\libgcc.a(_clzsi2.o)
                              e:/altera/15.0/nios2eds/bin/gnu/h-x86_64-mingw32/bin/../lib/gcc/nios2-elf/4.9.1\libgcc.a(adddf3.o) (__clzsi2)
e:/altera/15.0/nios2eds/bin/gnu/h-x86_64-mingw32/bin/../lib/gcc/nios2-elf/4.9.1\libgcc.a(_clz.o)
                              e:/altera/15.0/nios2eds/bin/gnu/h-x86_64-mingw32/bin/../lib/gcc/nios2-elf/4.9.1\libgcc.a(_clzsi2.o) (__clz_tab)
../rt-thread_demo_bsp/\libhal_bsp.a(alt_irq_register.o)
                              obj/default/rt-thread/bsp/src/board.o (alt_irq_register)
../rt-thread_demo_bsp/\libhal_bsp.a(alt_irq_vars.o)
                              ../rt-thread_demo_bsp/\libhal_bsp.a(alt_irq_register.o) (alt_irq_active)
../rt-thread_demo_bsp/\libhal_bsp.a(alt_main.o)
                              ../rt-thread_demo_bsp//obj/HAL/src/crt0.o (alt_main)
../rt-thread_demo_bsp/\libhal_bsp.a(alt_sys_init.o)
                              ../rt-thread_demo_bsp/\libhal_bsp.a(alt_main.o) (alt_irq_init)
../rt-thread_demo_bsp/\libhal_bsp.a(altera_avalon_cfi_flash.o)
                              ../rt-thread_demo_bsp/\libhal_bsp.a(alt_sys_init.o) (alt_flash_cfi_init)
../rt-thread_demo_bsp/\libhal_bsp.a(altera_avalon_cfi_flash_table.o)
                              ../rt-thread_demo_bsp/\libhal_bsp.a(altera_avalon_cfi_flash.o) (alt_set_flash_width_func)
../rt-thread_demo_bsp/\libhal_bsp.a(altera_avalon_epcs_flash_controller.o)
                              ../rt-thread_demo_bsp/\libhal_bsp.a(alt_sys_init.o) (alt_epcs_flash_init)
../rt-thread_demo_bsp/\libhal_bsp.a(altera_avalon_jtag_uart_fd.o)
                              ../rt-thread_demo_bsp/\libhal_bsp.a(alt_sys_init.o) (altera_avalon_jtag_uart_read_fd)
../rt-thread_demo_bsp/\libhal_bsp.a(altera_avalon_jtag_uart_init.o)
                              ../rt-thread_demo_bsp/\libhal_bsp.a(alt_sys_init.o) (altera_avalon_jtag_uart_init)
../rt-thread_demo_bsp/\libhal_bsp.a(altera_avalon_jtag_uart_ioctl.o)
                              ../rt-thread_demo_bsp/\libhal_bsp.a(altera_avalon_jtag_uart_fd.o) (altera_avalon_jtag_uart_ioctl)
../rt-thread_demo_bsp/\libhal_bsp.a(altera_avalon_jtag_uart_read.o)
                              ../rt-thread_demo_bsp/\libhal_bsp.a(altera_avalon_jtag_uart_fd.o) (altera_avalon_jtag_uart_read)
../rt-thread_demo_bsp/\libhal_bsp.a(altera_avalon_jtag_uart_write.o)
                              ../rt-thread_demo_bsp/\libhal_bsp.a(altera_avalon_jtag_uart_fd.o) (altera_avalon_jtag_uart_write)
../rt-thread_demo_bsp/\libhal_bsp.a(altera_avalon_timer_sc.o)
                              ../rt-thread_demo_bsp/\libhal_bsp.a(alt_sys_init.o) (alt_avalon_timer_sc_init)
../rt-thread_demo_bsp/\libhal_bsp.a(altera_avalon_uart_fd.o)
                              ../rt-thread_demo_bsp/\libhal_bsp.a(alt_sys_init.o) (altera_avalon_uart_read_fd)
../rt-thread_demo_bsp/\libhal_bsp.a(altera_avalon_uart_init.o)
                              ../rt-thread_demo_bsp/\libhal_bsp.a(alt_sys_init.o) (altera_avalon_uart_init)
../rt-thread_demo_bsp/\libhal_bsp.a(altera_avalon_uart_read.o)
                              ../rt-thread_demo_bsp/\libhal_bsp.a(altera_avalon_uart_fd.o) (altera_avalon_uart_read)
../rt-thread_demo_bsp/\libhal_bsp.a(altera_avalon_uart_write.o)
                              ../rt-thread_demo_bsp/\libhal_bsp.a(altera_avalon_uart_fd.o) (altera_avalon_uart_write)
../rt-thread_demo_bsp/\libhal_bsp.a(epcs_commands.o)
[...]
Memory Configuration

Name             Origin             Length             Attributes
sdram_BEFORE_EXCEPTION 0x0000000008000000 0x0000000000000020
sdram            0x0000000008000020 0x0000000007ffffe0
flash_generic_tristate_controller 0x0000000010800000 0x0000000000800000
sram             0x0000000011200000 0x0000000000200000
reset            0x0000000011401000 0x0000000000000020
epcs             0x0000000011401020 0x00000000000007e0
*default*        0x0000000000000000 0xffffffffffffffff

Linker script and memory map

LOAD ../rt-thread_demo_bsp//obj/HAL/src/crt0.o
LOAD obj/default/rt-thread/bsp/src/application.o
LOAD obj/default/rt-thread/bsp/src/board.o
LOAD obj/default/rt-thread/bsp/src/startup.o
LOAD obj/default/rt-thread/bsp/src/uart.o
LOAD obj/default/rt-thread/libcpu/nios/nios_ii/interrupt.o
LOAD obj/default/rt-thread/libcpu/nios/nios_ii/stack.o
LOAD obj/default/rt-thread/src/clock.o
LOAD obj/default/rt-thread/src/device.o
LOAD obj/default/rt-thread/src/idle.o
LOAD obj/default/rt-thread/src/ipc.o
LOAD obj/default/rt-thread/src/irq.o
LOAD obj/default/rt-thread/src/kservice.o
LOAD obj/default/rt-thread/src/mem.o
LOAD obj/default/rt-thread/src/mempool.o
LOAD obj/default/rt-thread/src/object.o
LOAD obj/default/rt-thread/src/scheduler.o
LOAD obj/default/rt-thread/src/slab.o
LOAD obj/default/rt-thread/src/thread.o
LOAD obj/default/rt-thread/src/timer.o
LOAD obj/default/rt-thread/libcpu/nios/nios_ii/context_gcc.o
LOAD obj/default/rt-thread/libcpu/nios/nios_ii/vector.o
LOAD e:/altera/15.0/nios2eds/bin/gnu/h-x86_64-mingw32/bin/../lib/gcc/nios2-elf/4.9.1/../../../../../H-x86_64-mingw32/nios2-elf/lib\libstdc++.a
LOAD e:/altera/15.0/nios2eds/bin/gnu/h-x86_64-mingw32/bin/../lib/gcc/nios2-elf/4.9.1/../../../../../H-x86_64-mingw32/nios2-elf/lib\libm.a
LOAD e:/altera/15.0/nios2eds/bin/gnu/h-x86_64-mingw32/bin/../lib/gcc/nios2-elf/4.9.1\libgcc.a
START GROUP
LOAD e:/altera/15.0/nios2eds/bin/gnu/h-x86_64-mingw32/bin/../lib/gcc/nios2-elf/4.9.1/../../../../../H-x86_64-mingw32/nios2-elf/lib\libc.a
LOAD e:/altera/15.0/nios2eds/bin/gnu/h-x86_64-mingw32/bin/../lib/gcc/nios2-elf/4.9.1\libgcc.a
LOAD ../rt-thread_demo_bsp/\libhal_bsp.a
LOAD e:/altera/15.0/nios2eds/bin/gnu/h-x86_64-mingw32/bin/../lib/gcc/nios2-elf/4.9.1/../../../../../H-x86_64-mingw32/nios2-elf/lib\libm.a
END GROUP
LOAD e:/altera/15.0/nios2eds/bin/gnu/h-x86_64-mingw32/bin/../lib/gcc/nios2-elf/4.9.1\libgcc.a
                0x0000000008000000                __alt_mem_sdram = 0x8000000
                0x0000000010800000                __alt_mem_flash_generic_tristate_controller = 0x10800000
                0x0000000011200000                __alt_mem_sram = 0x11200000
                0x0000000011401000                __alt_mem_epcs = 0x11401000

.entry          0x0000000011401000        0x0
 *(.entry)
 .entry         0x0000000011401000        0x0 ../rt-thread_demo_bsp//obj/HAL/src/crt0.o
                0x0000000011401000                __reset

.exceptions     0x0000000008000020      0x288
                0x0000000008000020                PROVIDE (__ram_exceptions_start, ABSOLUTE (.))
                0x0000000008000020                . = ALIGN (0x20)
 *(.irq)
 *(.exceptions.entry.label)
 .exceptions.entry.label
                0x0000000008000020        0x0 ../rt-thread_demo_bsp/\libhal_bsp.a(alt_irq_entry.o)
                0x0000000008000020                alt_irq_entry
 .exceptions.entry.label
                0x0000000008000020        0x0 ../rt-thread_demo_bsp/\libhal_bsp.a(alt_exception_entry.o)
                0x0000000008000020                alt_exception
 *(.exceptions.entry.user)
 *(.exceptions.entry.ecc_fatal)
 *(.exceptions.entry)
 .exceptions.entry
                0x0000000008000020       0x54 ../rt-thread_demo_bsp/\libhal_bsp.a(alt_exception_entry.o)
 *(.exceptions.irqtest.user)
 *(.exceptions.irqtest)
 .exceptions.irqtest
                0x0000000008000074       0x10 ../rt-thread_demo_bsp/\libhal_bsp.a(alt_irq_entry.o)
 *(.exceptions.irqhandler.user)
 *(.exceptions.irqhandler)
 .exceptions.irqhandler
                0x0000000008000084        0x4 ../rt-thread_demo_bsp/\libhal_bsp.a(alt_irq_entry.o)
 *(.exceptions.irqreturn.user)
 *(.exceptions.irqreturn)
 .exceptions.irqreturn
                0x0000000008000088        0x4 ../rt-thread_demo_bsp/\libhal_bsp.a(alt_irq_entry.o)
 *(.exceptions.notirq.label)
 .exceptions.notirq.label
                0x000000000800008c        0x0 ../rt-thread_demo_bsp/\libhal_bsp.a(alt_irq_entry.o)
 *(.exceptions.notirq.user)
 *(.exceptions.notirq)
 .exceptions.notirq
                0x000000000800008c        0x8 ../rt-thread_demo_bsp/\libhal_bsp.a(alt_exception_entry.o)
 *(.exceptions.soft.user)
 *(.exceptions.soft)
 *(.exceptions.unknown.user)
 *(.exceptions.unknown)
 .exceptions.unknown
                0x0000000008000094       0x14 ../rt-thread_demo_bsp/\libhal_bsp.a(alt_exception_entry.o)
 *(.exceptions.exit.label)
 .exceptions.exit.label
                0x00000000080000a8        0x0 obj/default/rt-thread/libcpu/nios/nios_ii/vector.o
                0x00000000080000a8                .Lexception_exit
 .exceptions.exit.label
                0x00000000080000a8        0x0 ../rt-thread_demo_bsp/\libhal_bsp.a(alt_irq_entry.o)
 .exceptions.exit.label
                0x00000000080000a8        0x0 ../rt-thread_demo_bsp/\libhal_bsp.a(alt_exception_entry.o)
 *(.exceptions.exit.user)
 *(.exceptions.exit)
 .exceptions.exit
                0x00000000080000a8       0x68 obj/default/rt-thread/libcpu/nios/nios_ii/vector.o
 .exceptions.exit
                0x0000000008000110       0x54 ../rt-thread_demo_bsp/\libhal_bsp.a(alt_exception_entry.o)
 *(.exceptions)
 .exceptions    0x0000000008000164       0xd0 ../rt-thread_demo_bsp/\libhal_bsp.a(alt_irq_handler.o)
                0x0000000008000164                alt_irq_handler
 .exceptions    0x0000000008000234       0x74 ../rt-thread_demo_bsp/\libhal_bsp.a(alt_instruction_exception_entry.o)
                0x0000000008000234                alt_instruction_exception_entry
                0x00000000080002a8                PROVIDE (__ram_exceptions_end, ABSOLUTE (.))
                0x0000000008000020                PROVIDE (__flash_exceptions_start, LOADADDR (.exceptions))

.text           0x00000000080002a8    0x13fa4
                0x00000000080002a8                PROVIDE (stext, ABSOLUTE (.))
 *(.interp)
 *(.hash)
 *(.dynsym)
 *(.dynstr)
 *(.gnu.version)
 *(.gnu.version_d)
 *(.gnu.version_r)
 *(.rel.init)
 *(.rela.init)
 *(.rel.text .rel.text.* .rel.gnu.linkonce.t.*)
 *(.rela.text .rela.text.* .rela.gnu.linkonce.t.*)
 *(.rel.fini)
 *(.rela.fini)
 *(.rel.rodata .rel.rodata.* .rel.gnu.linkonce.r.*)
 *(.rela.rodata .rela.rodata.* .rela.gnu.linkonce.r.*)
 *(.rel.data .rel.data.* .rel.gnu.linkonce.d.*)
 *(.rela.data .rela.data.* .rela.gnu.linkonce.d.*)
 *(.rel.tdata .rel.tdata.* .rel.gnu.linkonce.td.*)
 *(.rela.tdata .rela.tdata.* .rela.gnu.linkonce.td.*)
 *(.rel.tbss .rel.tbss.* .rel.gnu.linkonce.tb.*)
 *(.rela.tbss .rela.tbss.* .rela.gnu.linkonce.tb.*)
 *(.rel.ctors)
 *(.rela.ctors)
 *(.rel.dtors)
 *(.rela.dtors)
 *(.rel.got)
 *(.rela.got)
 *(.rel.sdata .rel.sdata.* .rel.gnu.linkonce.s.*)
 *(.rela.sdata .rela.sdata.* .rela.gnu.linkonce.s.*)
 *(.rel.sbss .rel.sbss.* .rel.gnu.linkonce.sb.*)
 *(.rela.sbss .rela.sbss.* .rela.gnu.linkonce.sb.*)
 *(.rel.sdata2 .rel.sdata2.* .rel.gnu.linkonce.s2.*)
 *(.rela.sdata2 .rela.sdata2.* .rela.gnu.linkonce.s2.*)
 *(.rel.sbss2 .rel.sbss2.* .rel.gnu.linkonce.sb2.*)
 *(.rela.sbss2 .rela.sbss2.* .rela.gnu.linkonce.sb2.*)
 *(.rel.bss .rel.bss.* .rel.gnu.linkonce.b.*)
 *(.rela.bss .rela.bss.* .rela.gnu.linkonce.b.*)
 *(.rel.plt)
 *(.rela.plt)
 *(.rel.dyn)
 *(.init)
 *(.plt)
 *(.text .stub .text.* .gnu.linkonce.t.*)
 .text          0x00000000080002a8       0x48 ../rt-thread_demo_bsp//obj/HAL/src/crt0.o
                0x00000000080002a8                _start
 .text          0x00000000080002f0      0x29c obj/default/rt-thread/bsp/src/application.o
                0x00000000080002f0                rt_thread_entry_led
                0x00000000080003b8                rt_timer1_overtime_handler
                0x00000000080003f4                rt_timer2_overtime_handler
                0x000000000800045c                rt_application_init
 .text          0x000000000800058c      0x15c obj/default/rt-thread/bsp/src/board.o
                0x000000000800058c                rt_hw_timer_handler
                0x00000000080005dc                sysTick_config
                0x00000000080006ac                rt_hw_board_init
 .text          0x00000000080006e8       0x88 obj/default/rt-thread/bsp/src/startup.o
                0x00000000080006e8                rtthread_startup
                0x0000000008000740                main
 .text          0x0000000008000770      0x444 obj/default/rt-thread/bsp/src/uart.o
                0x0000000008000a90                rt_hw_uart_init
 .text          0x0000000008000bb4        0x0 obj/default/rt-thread/libcpu/nios/nios_ii/interrupt.o
 .text          0x0000000008000bb4      0x214 obj/default/rt-thread/libcpu/nios/nios_ii/stack.o
                0x0000000008000bb4                rt_hw_stack_init
 .text          0x0000000008000dc8      0x1b8 obj/default/rt-thread/src/clock.o
                0x0000000008000dc8                rt_tick_get
                0x0000000008000de8                rt_tick_set
                0x0000000008000e28                rt_tick_increase
                0x0000000008000ecc                rt_tick_from_millisecond
                0x0000000008000f58                rt_tick_get_millisecond
 .text          0x0000000008000f80      0x9cc obj/default/rt-thread/src/device.o
                0x0000000008000f80                rt_device_register
                0x000000000800100c                rt_device_unregister
                0x00000000080010bc                rt_device_find
                0x00000000080010f0                rt_device_create
                0x0000000008001180                rt_device_destroy
                0x0000000008001234                rt_device_init
                0x00000000080012f4                rt_device_open
                0x00000000080014cc                rt_device_close
                0x00000000080015d0                rt_device_read
                0x00000000080016ac                rt_device_write
                0x0000000008001788                rt_device_control
                0x0000000008001834                rt_device_set_rx_indicate
                0x00000000080018c0                rt_device_set_tx_complete
 .text          0x000000000800194c      0x534 obj/default/rt-thread/src/idle.o
                0x0000000008001a0c                rt_thread_idle_sethook
                0x0000000008001ab8                rt_thread_idle_delhook
                0x0000000008001b64                rt_thread_defunct_enqueue
                0x0000000008001ba0                rt_thread_defunct_dequeue
                0x0000000008001d78                rt_thread_idle_init
                0x0000000008001e48                rt_thread_idle_gethandler
 .text          0x0000000008001e80     0x3ddc obj/default/rt-thread/src/ipc.o
                0x0000000008002168                rt_sem_init
                0x0000000008002224                rt_sem_detach
                0x00000000080022e4                rt_sem_create
                0x00000000080023d0                rt_sem_delete
                0x00000000080024d8                rt_sem_take
                0x000000000800271c                rt_sem_trytake
                0x0000000008002750                rt_sem_release
                0x0000000008002890                rt_sem_control
                0x0000000008002968                rt_mutex_init
                0x0000000008002a14                rt_mutex_detach
                0x0000000008002ad4                rt_mutex_create
                0x0000000008002bb0                rt_mutex_delete
                0x0000000008002cb8                rt_mutex_take
                0x0000000008002ff8                rt_mutex_trytake
                0x000000000800302c                rt_mutex_release
                0x0000000008003310                rt_mutex_control
                0x0000000008003394                rt_event_init
                0x0000000008003420                rt_event_detach
                0x00000000080034e0                rt_event_create
                0x000000000800359c                rt_event_delete
                0x00000000080036a4                rt_event_send
                0x00000000080038e4                rt_event_recv
                0x0000000008003c58                rt_event_control
                0x0000000008003d20                rt_mb_init
                0x0000000008003df0                rt_mb_detach
                0x0000000008003ec0                rt_mb_create
                0x0000000008003ff8                rt_mb_delete
                0x0000000008004120                rt_mb_send_wait
                0x00000000080044ac                rt_mb_send
                0x00000000080044e8                rt_mb_urgent
                0x000000000800469c                rt_mb_recv
                0x0000000008004a54                rt_mb_control
                0x0000000008004b3c                rt_mq_init
                0x0000000008004cb4                rt_mq_detach
                0x0000000008004d84                rt_mq_create
                0x0000000008004f5c                rt_mq_delete
                0x0000000008005084                rt_mq_send_wait
                0x0000000008005480                rt_mq_send
                0x00000000080054c4                rt_mq_urgent
                0x0000000008005700                rt_mq_recv
                0x0000000008005b24                rt_mq_control
 .text          0x0000000008005c5c      0x130 obj/default/rt-thread/src/irq.o
                0x0000000008005c5c                rt_interrupt_enter_sethook
                0x0000000008005c84                rt_interrupt_leave_sethook
                0x0000000008005cac                rt_interrupt_enter
                0x0000000008005cfc                rt_interrupt_leave
                0x0000000008005d4c                rt_interrupt_get_nest
 .text          0x0000000008005d8c     0x1dc4 obj/default/rt-thread/src/kservice.o
                0x0000000008005d8c                rt_get_errno
                0x0000000008005de4                rt_set_errno
                0x0000000008005e4c                _rt_errno
                0x0000000008005ea4                rt_memset
                0x0000000008005ff8                rt_memcpy
                0x0000000008006188                rt_memmove
                0x0000000008006278                rt_memcmp
                0x0000000008006314                rt_strstr
                0x00000000080063b4                rt_strcasecmp
                0x0000000008006488                rt_strncpy
                0x0000000008006540                rt_strncmp
                0x00000000080065ec                rt_strcmp
                0x000000000800669c                rt_strnlen
                0x0000000008006714                rt_strlen
                0x0000000008006770                rt_strdup
                0x00000000080067d8                rt_show_version
                0x0000000008006c6c                rt_vsnprintf
                0x00000000080075b0                rt_snprintf
                0x000000000800760c                rt_vsprintf
                0x0000000008007650                rt_sprintf
                0x00000000080076a8                rt_console_get_device
                0x00000000080076c8                rt_console_set_device
                0x000000000800774c                rt_hw_console_output
                0x000000000800776c                rt_kputs
                0x00000000080077dc                rt_kprintf
                0x0000000008007880                rt_malloc_align
                0x000000000800797c                rt_free_align
                0x00000000080079bc                __rt_ffs
                0x0000000008007aa4                rt_assert_set_hook
                0x0000000008007acc                rt_assert_handler
 .text          0x0000000008007b50      0xca0 obj/default/rt-thread/src/mem.o
                0x0000000008007b50                rt_malloc_sethook
                0x0000000008007b78                rt_free_sethook
                0x0000000008007d2c                rt_system_heap_init
                0x0000000008007ec4                rt_malloc
                0x000000000800827c                rt_realloc
                0x0000000008008504                rt_calloc
                0x0000000008008570                rt_free
                0x000000000800878c                rt_memory_info
 .text          0x00000000080087f0      0xa94 obj/default/rt-thread/src/mempool.o
                0x00000000080088bc                rt_mp_alloc_sethook
                0x00000000080088e4                rt_mp_free_sethook
                0x000000000800890c                rt_mp_init
                0x0000000008008af0                rt_mp_detach
                0x0000000008008bf8                rt_mp_create
                0x0000000008008e08                rt_mp_delete
                0x0000000008008f68                rt_mp_alloc
                0x0000000008009194                rt_mp_free
 .text          0x0000000008009284      0x954 obj/default/rt-thread/src/object.o
                0x0000000008009344                rt_object_attach_sethook
                0x000000000800936c                rt_object_detach_sethook
                0x0000000008009394                rt_object_trytake_sethook
                0x00000000080093bc                rt_object_take_sethook
                0x00000000080093e4                rt_object_put_sethook
                0x000000000800940c                rt_object_get_information
                0x0000000008009488                rt_object_get_length
                0x0000000008009528                rt_object_get_pointers
                0x000000000800961c                rt_object_init
                0x0000000008009760                rt_object_detach
                0x00000000080097ec                rt_object_allocate
                0x0000000008009940                rt_object_delete
                0x0000000008009a04                rt_object_is_systemobject
                0x0000000008009a70                rt_object_get_type
                0x0000000008009ac4                rt_object_find
 .text          0x0000000008009bd8      0x84c obj/default/rt-thread/src/scheduler.o
                0x0000000008009d08                rt_scheduler_sethook
                0x0000000008009d30                rt_scheduler_switch_sethook
                0x0000000008009ec0                rt_system_scheduler_init
                0x0000000008009f20                rt_system_scheduler_start
                0x0000000008009f78                rt_schedule
                0x000000000800a198                rt_schedule_insert_thread
                0x000000000800a294                rt_schedule_remove_thread
                0x000000000800a344                rt_enter_critical
                0x000000000800a38c                rt_exit_critical
                0x000000000800a404                rt_critical_level
 .text          0x000000000800a424        0x0 obj/default/rt-thread/src/slab.o
 .text          0x000000000800a424     0x108c obj/default/rt-thread/src/thread.o
                0x000000000800a4c4                rt_thread_suspend_sethook
                0x000000000800a4ec                rt_thread_resume_sethook
                0x000000000800a514                rt_thread_inited_sethook
                0x000000000800a7d0                rt_thread_init
                0x000000000800a890                rt_thread_self
                0x000000000800a8b8                rt_thread_startup
                0x000000000800a9ac                rt_thread_detach
                0x000000000800aadc                rt_thread_create
                0x000000000800ab94                rt_thread_delete
                0x000000000800aca8                rt_thread_yield
                0x000000000800ad14                rt_thread_sleep
                0x000000000800adfc                rt_thread_delay
                0x000000000800ae2c                rt_thread_delay_until
                0x000000000800afa0                rt_thread_mdelay
                0x000000000800afdc                rt_thread_control
                0x000000000800b164                rt_thread_suspend
                0x000000000800b2a4                rt_thread_resume
                0x000000000800b390                rt_thread_timeout
                0x000000000800b47c                rt_thread_find
 .text          0x000000000800b4b0      0xe10 obj/default/rt-thread/src/timer.o
                0x000000000800b5e0                rt_timer_enter_sethook
                0x000000000800b608                rt_timer_exit_sethook
                0x000000000800b7cc                rt_timer_init
                0x000000000800b858                rt_timer_detach
                0x000000000800b944                rt_timer_create
                0x000000000800b9c0                rt_timer_delete
                0x000000000800baac                rt_timer_start
                0x000000000800be1c                rt_timer_stop
                0x000000000800bf18                rt_timer_control
                0x000000000800c088                rt_timer_check
                0x000000000800c220                rt_timer_next_timeout_tick
                0x000000000800c24c                rt_system_timer_init
                0x000000000800c2a4                rt_system_timer_thread_init
 .text          0x000000000800c2c0      0x204 obj/default/rt-thread/libcpu/nios/nios_ii/context_gcc.o
                0x000000000800c2c0                rt_hw_interrupt_disable
                0x000000000800c2cc                rt_hw_interrupt_enable
                0x000000000800c2d4                rt_hw_context_switch_interrupt_do
                0x000000000800c390                rt_hw_context_switch
                0x000000000800c444                rt_hw_context_switch_interrupt
                0x000000000800c468                rt_hw_context_switch_to
 .text          0x000000000800c4c4        0x0 obj/default/rt-thread/libcpu/nios/nios_ii/vector.o
 .text          0x000000000800c4c4       0x74 e:/altera/15.0/nios2eds/bin/gnu/h-x86_64-mingw32/bin/../lib/gcc/nios2-elf/4.9.1\libgcc.a(_fixunsdfsi.o)
                0x000000000800c4c4                __fixunsdfsi
 .text          0x000000000800c538      0x12c e:/altera/15.0/nios2eds/bin/gnu/h-x86_64-mingw32/bin/../lib/gcc/nios2-elf/4.9.1\libgcc.a(lib2-divmod.o)
                0x000000000800c5a4                __divsi3
                0x000000000800c5f8                __modsi3
                0x000000000800c654                __udivsi3
                0x000000000800c65c                __umodsi3
 .text          0x000000000800c664      0x89c e:/altera/15.0/nios2eds/bin/gnu/h-x86_64-mingw32/bin/../lib/gcc/nios2-elf/4.9.1\libgcc.a(adddf3.o)
                0x000000000800c664                __adddf3
 .text          0x000000000800cf00       0xe0 e:/altera/15.0/nios2eds/bin/gnu/h-x86_64-mingw32/bin/../lib/gcc/nios2-elf/4.9.1\libgcc.a(gedf2.o)
                0x000000000800cf00                __gedf2
                0x000000000800cf00                __gtdf2
 .text          0x000000000800cfe0      0x8d0 e:/altera/15.0/nios2eds/bin/gnu/h-x86_64-mingw32/bin/../lib/gcc/nios2-elf/4.9.1\libgcc.a(subdf3.o)
                0x000000000800cfe0                __subdf3
 .text          0x000000000800d8b0       0x88 e:/altera/15.0/nios2eds/bin/gnu/h-x86_64-mingw32/bin/../lib/gcc/nios2-elf/4.9.1\libgcc.a(fixdfsi.o)
                0x000000000800d8b0                __fixdfsi
 .text          0x000000000800d938       0xa4 e:/altera/15.0/nios2eds/bin/gnu/h-x86_64-mingw32/bin/../lib/gcc/nios2-elf/4.9.1\libgcc.a(floatunsidf.o)
                0x000000000800d938                __floatunsidf
 .text          0x000000000800d9dc       0x64 e:/altera/15.0/nios2eds/bin/gnu/h-x86_64-mingw32/bin/../lib/gcc/nios2-elf/4.9.1\libgcc.a(_clzsi2.o)
                0x000000000800d9dc                __clzsi2
 .text          0x000000000800da40        0x0 e:/altera/15.0/nios2eds/bin/gnu/h-x86_64-mingw32/bin/../lib/gcc/nios2-elf/4.9.1\libgcc.a(_clz.o)
 .text          0x000000000800da40      0x1b0 ../rt-thread_demo_bsp/\libhal_bsp.a(alt_irq_register.o)
                0x000000000800da40                alt_irq_register
 .text          0x000000000800dbf0        0x0 ../rt-thread_demo_bsp/\libhal_bsp.a(alt_irq_vars.o)
 .text          0x000000000800dbf0       0x78 ../rt-thread_demo_bsp/\libhal_bsp.a(alt_main.o)
                0x000000000800dbf0                alt_main
 .text          0x000000000800dc68      0x104 ../rt-thread_demo_bsp/\libhal_bsp.a(alt_sys_init.o)
                0x000000000800dca0                alt_irq_init
                0x000000000800dcd4                alt_sys_init
 .text          0x000000000800dd6c      0x88c ../rt-thread_demo_bsp/\libhal_bsp.a(altera_avalon_cfi_flash.o)
                0x000000000800dda4                alt_flash_cfi_init
                0x000000000800de34                alt_flash_cfi_write
                0x000000000800e0dc                alt_flash_cfi_get_info
                0x000000000800e168                alt_flash_cfi_read
                0x000000000800e1cc                alt_write_value_to_flash
                0x000000000800e324                alt_flash_program_block
 .text          0x000000000800e5f8     0x1454 ../rt-thread_demo_bsp/\libhal_bsp.a(altera_avalon_cfi_flash_table.o)
                0x000000000800e5f8                alt_read_query_entry_8bit
                0x000000000800e634                alt_read_query_entry_16bit
                0x000000000800e674                alt_read_query_entry_32bit
                0x000000000800e6b4                alt_write_flash_command_8bit_device_8bit_mode
                0x000000000800e6f8                alt_write_flash_command_16bit_device_8bit_mode
                0x000000000800e770                alt_write_flash_command_32bit_device_8bit_mode
                0x000000000800e7c0                alt_write_flash_command_16bit_device_16bit_mode
                0x000000000800e80c                alt_write_flash_command_32bit_device_16bit_mode
                0x000000000800e85c                alt_write_flash_command_32bit_device_32bit_mode
                0x000000000800e8ac                alt_write_native_8bit
                0x000000000800e8e4                alt_write_native_16bit
                0x000000000800e91c                alt_write_native_32bit
                0x000000000800e950                alt_set_flash_width_func
                0x000000000800eb0c                alt_set_flash_algorithm_func
                0x000000000800ec28                alt_read_cfi_table
                0x000000000800f1f0                alt_read_cfi_width
                0x000000000800f974                alt_check_primary_table
 .text          0x000000000800fa4c      0xaf8 ../rt-thread_demo_bsp/\libhal_bsp.a(altera_avalon_epcs_flash_controller.o)
                0x000000000800fa84                alt_epcs_flash_init
                0x000000000800ffb8                alt_epcs_flash_write
                0x0000000008010218                alt_epcs_flash_get_info
                0x0000000008010338                alt_epcs_flash_erase_block
                0x00000000080103ac                alt_epcs_flash_write_block
                0x00000000080104ac                alt_epcs_flash_read
 .text          0x0000000008010544      0x164 ../rt-thread_demo_bsp/\libhal_bsp.a(altera_avalon_jtag_uart_fd.o)
                0x0000000008010544                altera_avalon_jtag_uart_read_fd
                0x00000000080105a4                altera_avalon_jtag_uart_write_fd
                0x0000000008010604                altera_avalon_jtag_uart_close_fd
                0x0000000008010654                altera_avalon_jtag_uart_ioctl_fd
 .text          0x00000000080106a8      0x3d8 ../rt-thread_demo_bsp/\libhal_bsp.a(altera_avalon_jtag_uart_init.o)
                0x00000000080106a8                altera_avalon_jtag_uart_init
                0x0000000008010a18                altera_avalon_jtag_uart_close
 .text          0x0000000008010a80       0xec ../rt-thread_demo_bsp/\libhal_bsp.a(altera_avalon_jtag_uart_ioctl.o)
                0x0000000008010a80                altera_avalon_jtag_uart_ioctl
 .text          0x0000000008010b6c      0x20c ../rt-thread_demo_bsp/\libhal_bsp.a(altera_avalon_jtag_uart_read.o)
                0x0000000008010b6c                altera_avalon_jtag_uart_read
 .text          0x0000000008010d78      0x218 ../rt-thread_demo_bsp/\libhal_bsp.a(altera_avalon_jtag_uart_write.o)
                0x0000000008010d78                altera_avalon_jtag_uart_write
 .text          0x0000000008010f90       0xfc ../rt-thread_demo_bsp/\libhal_bsp.a(altera_avalon_timer_sc.o)
                0x0000000008011004                alt_avalon_timer_sc_init
 .text          0x000000000801108c      0x110 ../rt-thread_demo_bsp/\libhal_bsp.a(altera_avalon_uart_fd.o)
                0x000000000801108c                altera_avalon_uart_read_fd
                0x00000000080110ec                altera_avalon_uart_write_fd
                0x000000000801114c                altera_avalon_uart_close_fd
 .text          0x000000000801119c      0x3b8 ../rt-thread_demo_bsp/\libhal_bsp.a(altera_avalon_uart_init.o)
                0x000000000801119c                altera_avalon_uart_init
                0x0000000008011500                altera_avalon_uart_close
 .text          0x0000000008011554      0x22c ../rt-thread_demo_bsp/\libhal_bsp.a(altera_avalon_uart_read.o)
                0x00000000080115a4                altera_avalon_uart_read
 .text          0x0000000008011780      0x1fc ../rt-thread_demo_bsp/\libhal_bsp.a(altera_avalon_uart_write.o)
                0x00000000080117d0                altera_avalon_uart_write
 .text          0x000000000801197c      0x62c ../rt-thread_demo_bsp/\libhal_bsp.a(epcs_commands.o)
                0x000000000801197c                epcs_read_status_register
                0x0000000008011a48                epcs_sector_erase
                0x0000000008011b40                epcs_read_buffer
                0x0000000008011c34                epcs_write_enable
                0x0000000008011c84                epcs_write_status_register
                0x0000000008011cec                epcs_write_buffer
                0x0000000008011e08                epcs_read_electronic_signature
                0x0000000008011e70                epcs_read_device_id
                0x0000000008011ef0                epcs_enter_4_bytes_mode
                0x0000000008011f4c                epcs_exit_4_bytes_mode
 .text          0x0000000008011fa8      0x140 ../rt-thread_demo_bsp/\libhal_bsp.a(alt_alarm_start.o)
                0x0000000008011fa8                alt_alarm_start
 .text          0x00000000080120e8      0x120 ../rt-thread_demo_bsp/\libhal_bsp.a(alt_close.o)
                0x0000000008012138                close
 .text          0x0000000008012208       0x74 ../rt-thread_demo_bsp/\libhal_bsp.a(alt_dcache_flush.o)
                0x0000000008012208                alt_dcache_flush
 .text          0x000000000801227c       0x2c ../rt-thread_demo_bsp/\libhal_bsp.a(alt_dev.o)
 .text          0x00000000080122a8       0xf4 ../rt-thread_demo_bsp/\libhal_bsp.a(alt_dev_llist_insert.o)
                0x00000000080122f8                alt_dev_llist_insert
 .text          0x000000000801239c       0x5c ../rt-thread_demo_bsp/\libhal_bsp.a(alt_do_ctors.o)
                0x000000000801239c                _do_ctors
 .text          0x00000000080123f8       0x5c ../rt-thread_demo_bsp/\libhal_bsp.a(alt_do_dtors.o)
                0x00000000080123f8                _do_dtors
 .text          0x0000000008012454        0x0 ../rt-thread_demo_bsp/\libhal_bsp.a(alt_errno.o)
 .text          0x0000000008012454       0xb8 ../rt-thread_demo_bsp/\libhal_bsp.a(alt_flash_dev.o)
                0x0000000008012454                alt_flash_open_dev
                0x00000000080124bc                alt_flash_close_dev
 .text          0x000000000801250c      0x1e0 ../rt-thread_demo_bsp/\libhal_bsp.a(alt_iic.o)
                0x000000000801250c                alt_ic_isr_register
                0x000000000801255c                alt_ic_irq_enable
                0x00000000080125fc                alt_ic_irq_disable
                0x00000000080126a0                alt_ic_irq_enabled
 .text          0x00000000080126ec       0xf0 ../rt-thread_demo_bsp/\libhal_bsp.a(alt_iic_isr_register.o)
                0x00000000080126ec                alt_iic_isr_register
 .text          0x00000000080127dc      0x138 ../rt-thread_demo_bsp/\libhal_bsp.a(alt_io_redirect.o)
                0x000000000801289c                alt_io_redirect
 .text          0x0000000008012914        0x0 ../rt-thread_demo_bsp/\libhal_bsp.a(alt_irq_entry.o)
 .text          0x0000000008012914        0x0 ../rt-thread_demo_bsp/\libhal_bsp.a(alt_irq_handler.o)
 .text          0x0000000008012914      0x274 ../rt-thread_demo_bsp/\libhal_bsp.a(alt_open.o)
                0x0000000008012a30                open
 .text          0x0000000008012b88       0x60 ../rt-thread_demo_bsp/\libhal_bsp.a(alt_release_fd.o)
                0x0000000008012b88                alt_release_fd
 .text          0x0000000008012be8      0x19c ../rt-thread_demo_bsp/\libhal_bsp.a(alt_tick.o)
                0x0000000008012be8                alt_alarm_stop
                0x0000000008012c80                alt_tick
 .text          0x0000000008012d84       0x20 ../rt-thread_demo_bsp/\libhal_bsp.a(altera_nios2_gen2_irq.o)
                0x0000000008012d84                altera_nios2_gen2_irq_init
 .text          0x0000000008012da4      0x460 ../rt-thread_demo_bsp/\libhal_bsp.a(altera_avalon_cfi_flash_amd.o)
                0x0000000008012da4                alt_program_amd
                0x0000000008012e0c                alt_erase_block_amd
 .text          0x0000000008013204      0x454 ../rt-thread_demo_bsp/\libhal_bsp.a(altera_avalon_cfi_flash_intel.o)
                0x0000000008013204                alt_program_intel
                0x0000000008013284                alt_erase_block_intel
 .text          0x0000000008013658      0x204 ../rt-thread_demo_bsp/\libhal_bsp.a(altera_avalon_spi.o)
                0x0000000008013658                alt_avalon_spi_command
 .text          0x000000000801385c        0x0 ../rt-thread_demo_bsp/\libhal_bsp.a(alt_exception_entry.o)
 .text          0x000000000801385c       0x90 ../rt-thread_demo_bsp/\libhal_bsp.a(alt_find_dev.o)
                0x000000000801385c                alt_find_dev
 .text          0x00000000080138ec      0x114 ../rt-thread_demo_bsp/\libhal_bsp.a(alt_find_file.o)
                0x00000000080138ec                alt_find_file
 .text          0x0000000008013a00       0xb4 ../rt-thread_demo_bsp/\libhal_bsp.a(alt_get_fd.o)
                0x0000000008013a00                alt_get_fd
 .text          0x0000000008013ab4       0x9c ../rt-thread_demo_bsp/\libhal_bsp.a(alt_instruction_exception_entry.o)
                0x0000000008013ab4                alt_exception_cause_generated_bad_addr
 .text          0x0000000008013b50       0x30 ../rt-thread_demo_bsp/\libhal_bsp.a(alt_usleep.o)
                0x0000000008013b50                usleep
 .text          0x0000000008013b80      0x158 ../rt-thread_demo_bsp/\libhal_bsp.a(alt_busy_sleep.o)
                0x0000000008013b80                alt_busy_sleep
 .text          0x0000000008013cd8       0x14 e:/altera/15.0/nios2eds/bin/gnu/h-x86_64-mingw32/bin/../lib/gcc/nios2-elf/4.9.1/../../../../../H-x86_64-mingw32/nios2-elf/lib\libc.a(lib_a-atexit.o)
                0x0000000008013cd8                atexit
 .text          0x0000000008013cec       0x38 e:/altera/15.0/nios2eds/bin/gnu/h-x86_64-mingw32/bin/../lib/gcc/nios2-elf/4.9.1/../../../../../H-x86_64-mingw32/nios2-elf/lib\libc.a(lib_a-exit.o)
                0x0000000008013cec                exit
 .text          0x0000000008013d24        0x0 e:/altera/15.0/nios2eds/bin/gnu/h-x86_64-mingw32/bin/../lib/gcc/nios2-elf/4.9.1/../../../../../H-x86_64-mingw32/nios2-elf/lib\libc.a(lib_a-impure.o)
 .text          0x0000000008013d24        0x0 e:/altera/15.0/nios2eds/bin/gnu/h-x86_64-mingw32/bin/../lib/gcc/nios2-elf/4.9.1/../../../../../H-x86_64-mingw32/nios2-elf/lib\libc.a(lib_a-int_errno.o)
 .text          0x0000000008013d24       0x7c e:/altera/15.0/nios2eds/bin/gnu/h-x86_64-mingw32/bin/../lib/gcc/nios2-elf/4.9.1/../../../../../H-x86_64-mingw32/nios2-elf/lib\libc.a(lib_a-memcmp.o)
                0x0000000008013d24                memcmp
 .text          0x0000000008013da0      0x138 e:/altera/15.0/nios2eds/bin/gnu/h-x86_64-mingw32/bin/../lib/gcc/nios2-elf/4.9.1/../../../../../H-x86_64-mingw32/nios2-elf/lib\libc.a(lib_a-memcpy.o)
                0x0000000008013da0                memcpy
 .text          0x0000000008013ed8       0x98 e:/altera/15.0/nios2eds/bin/gnu/h-x86_64-mingw32/bin/../lib/gcc/nios2-elf/4.9.1/../../../../../H-x86_64-mingw32/nios2-elf/lib\libc.a(lib_a-strlen.o)
                0x0000000008013ed8                strlen
 .text          0x0000000008013f70      0x114 e:/altera/15.0/nios2eds/bin/gnu/h-x86_64-mingw32/bin/../lib/gcc/nios2-elf/4.9.1/../../../../../H-x86_64-mingw32/nios2-elf/lib\libc.a(lib_a-__atexit.o)
                0x0000000008013f70                __register_exitproc
 .text          0x0000000008014084      0x194 e:/altera/15.0/nios2eds/bin/gnu/h-x86_64-mingw32/bin/../lib/gcc/nios2-elf/4.9.1/../../../../../H-x86_64-mingw32/nios2-elf/lib\libc.a(lib_a-__call_atexit.o)
                0x0000000008014084                __call_exitprocs
 .text          0x0000000008014218       0x34 ../rt-thread_demo_bsp/\libhal_bsp.a(alt_exit.o)
                0x0000000008014218                _exit
 *(.gnu.warning.*)
 *(.fini)
                0x000000000801424c                PROVIDE (__etext, ABSOLUTE (.))
                0x000000000801424c                PROVIDE (_etext, ABSOLUTE (.))
                0x000000000801424c                PROVIDE (etext, ABSOLUTE (.))
 *(.eh_frame_hdr)
                0x000000000801424c                . = ALIGN (0x4)
                0x000000000801424c                PROVIDE (__preinit_array_start, ABSOLUTE (.))
 *(.preinit_array)
                0x000000000801424c                PROVIDE (__preinit_array_end, ABSOLUTE (.))
                0x000000000801424c                PROVIDE (__init_array_start, ABSOLUTE (.))
 *(.init_array)
                0x000000000801424c                PROVIDE (__init_array_end, ABSOLUTE (.))
                0x000000000801424c                PROVIDE (__fini_array_start, ABSOLUTE (.))
 *(.fini_array)
                0x000000000801424c                PROVIDE (__fini_array_end, ABSOLUTE (.))
 *(.eh_frame)
 *(.gcc_except_table .gcc_except_table.*)
 *(.dynamic)
                0x000000000801424c                PROVIDE (__CTOR_LIST__, ABSOLUTE (.))
 *(.ctors)
 *(SORT(.ctors.*))
                0x000000000801424c                PROVIDE (__CTOR_END__, ABSOLUTE (.))
                0x000000000801424c                PROVIDE (__DTOR_LIST__, ABSOLUTE (.))
 *(.dtors)
 *(SORT(.dtors.*))
                0x000000000801424c                PROVIDE (__DTOR_END__, ABSOLUTE (.))
 *(.jcr)
                0x000000000801424c                . = ALIGN (0x4)

.rodata         0x000000000801424c     0x176c
                0x000000000801424c                PROVIDE (__ram_rodata_start, ABSOLUTE (.))
                0x000000000801424c                . = ALIGN (0x4)
 *(.rodata .rodata.* .gnu.linkonce.r.*)
 .rodata        0x000000000801424c       0x44 obj/default/rt-thread/bsp/src/application.o
 .rodata        0x0000000008014290       0xdc obj/default/rt-thread/bsp/src/board.o
 .rodata        0x000000000801436c        0x8 obj/default/rt-thread/bsp/src/uart.o
 .rodata        0x0000000008014374      0x1bc obj/default/rt-thread/src/device.o
 .rodata        0x0000000008014530       0x48 obj/default/rt-thread/src/idle.o
 .rodata        0x0000000008014578      0x6d0 obj/default/rt-thread/src/ipc.o
 .rodata        0x0000000008014c48      0x1f0 obj/default/rt-thread/src/kservice.o
                0x0000000008014cd7                __lowest_bit_bitmap
 .rodata        0x0000000008014e38      0x2ec obj/default/rt-thread/src/mem.o
 .rodata        0x0000000008015124      0x198 obj/default/rt-thread/src/mempool.o
 .rodata        0x00000000080152bc      0x120 obj/default/rt-thread/src/object.o
 .rodata        0x00000000080153dc       0xbc obj/default/rt-thread/src/scheduler.o
 .rodata        0x0000000008015498      0x274 obj/default/rt-thread/src/thread.o
 .rodata        0x000000000801570c      0x13c obj/default/rt-thread/src/timer.o
 .rodata        0x0000000008015848      0x100 e:/altera/15.0/nios2eds/bin/gnu/h-x86_64-mingw32/bin/../lib/gcc/nios2-elf/4.9.1\libgcc.a(_clz.o)
                0x0000000008015848                __clz_tab
 .rodata        0x0000000008015948       0x10 ../rt-thread_demo_bsp/\libhal_bsp.a(alt_main.o)
 .rodata        0x0000000008015958       0x50 ../rt-thread_demo_bsp/\libhal_bsp.a(alt_sys_init.o)
 .rodata        0x00000000080159a8        0xc ../rt-thread_demo_bsp/\libhal_bsp.a(alt_dev.o)
 .rodata.str1.4
                0x00000000080159b4        0x4 e:/altera/15.0/nios2eds/bin/gnu/h-x86_64-mingw32/bin/../lib/gcc/nios2-elf/4.9.1/../../../../../H-x86_64-mingw32/nios2-elf/lib\libc.a(lib_a-impure.o)
 *(.rodata1)
                0x00000000080159b8                . = ALIGN (0x4)
                0x00000000080159b8                PROVIDE (__ram_rodata_end, ABSOLUTE (.))
                0x000000000801424c                PROVIDE (__flash_rodata_start, LOADADDR (.rodata))

.rwdata         0x00000000080159b8     0x196c
                0x00000000080159b8                PROVIDE (__ram_rwdata_start, ABSOLUTE (.))
                0x00000000080159b8                . = ALIGN (0x4)
 *(.got.plt)
 *(.got)
 *(.data1)
 *(.data .data.* .gnu.linkonce.d.*)
 .data          0x00000000080159b8        0x0 ../rt-thread_demo_bsp//obj/HAL/src/crt0.o
 .data          0x00000000080159b8        0x0 obj/default/rt-thread/bsp/src/application.o
 .data          0x00000000080159b8        0x0 obj/default/rt-thread/bsp/src/board.o
 .data          0x00000000080159b8        0x0 obj/default/rt-thread/bsp/src/startup.o
 .data          0x00000000080159b8        0x0 obj/default/rt-thread/bsp/src/uart.o
 .data          0x00000000080159b8        0x0 obj/default/rt-thread/libcpu/nios/nios_ii/interrupt.o
 .data          0x00000000080159b8        0x0 obj/default/rt-thread/libcpu/nios/nios_ii/stack.o
 .data          0x00000000080159b8        0x0 obj/default/rt-thread/src/clock.o
 .data          0x00000000080159b8        0x0 obj/default/rt-thread/src/device.o
 .data          0x00000000080159b8        0x0 obj/default/rt-thread/src/idle.o
 .data          0x00000000080159b8        0x0 obj/default/rt-thread/src/ipc.o
 .data          0x00000000080159b8        0x0 obj/default/rt-thread/src/irq.o
 .data          0x00000000080159b8        0x0 obj/default/rt-thread/src/kservice.o
 .data          0x00000000080159b8        0x0 obj/default/rt-thread/src/mem.o
 .data          0x00000000080159b8        0x0 obj/default/rt-thread/src/mempool.o
 .data          0x00000000080159b8       0x90 obj/default/rt-thread/src/object.o
 .data          0x0000000008015a48        0x0 obj/default/rt-thread/src/scheduler.o
 .data          0x0000000008015a48        0x0 obj/default/rt-thread/src/slab.o
 .data          0x0000000008015a48        0x0 obj/default/rt-thread/src/thread.o
 .data          0x0000000008015a48        0x0 obj/default/rt-thread/src/timer.o
 .data          0x0000000008015a48        0x0 obj/default/rt-thread/libcpu/nios/nios_ii/context_gcc.o
 .data          0x0000000008015a48        0x0 obj/default/rt-thread/libcpu/nios/nios_ii/vector.o
 .data          0x0000000008015a48        0x0 e:/altera/15.0/nios2eds/bin/gnu/h-x86_64-mingw32/bin/../lib/gcc/nios2-elf/4.9.1\libgcc.a(_fixunsdfsi.o)
 .data          0x0000000008015a48        0x0 e:/altera/15.0/nios2eds/bin/gnu/h-x86_64-mingw32/bin/../lib/gcc/nios2-elf/4.9.1\libgcc.a(lib2-divmod.o)
 .data          0x0000000008015a48        0x0 e:/altera/15.0/nios2eds/bin/gnu/h-x86_64-mingw32/bin/../lib/gcc/nios2-elf/4.9.1\libgcc.a(adddf3.o)
 .data          0x0000000008015a48        0x0 e:/altera/15.0/nios2eds/bin/gnu/h-x86_64-mingw32/bin/../lib/gcc/nios2-elf/4.9.1\libgcc.a(gedf2.o)
 .data          0x0000000008015a48        0x0 e:/altera/15.0/nios2eds/bin/gnu/h-x86_64-mingw32/bin/../lib/gcc/nios2-elf/4.9.1\libgcc.a(subdf3.o)
 .data          0x0000000008015a48        0x0 e:/altera/15.0/nios2eds/bin/gnu/h-x86_64-mingw32/bin/../lib/gcc/nios2-elf/4.9.1\libgcc.a(fixdfsi.o)
 .data          0x0000000008015a48        0x0 e:/altera/15.0/nios2eds/bin/gnu/h-x86_64-mingw32/bin/../lib/gcc/nios2-elf/4.9.1\libgcc.a(floatunsidf.o)
 .data          0x0000000008015a48        0x0 e:/altera/15.0/nios2eds/bin/gnu/h-x86_64-mingw32/bin/../lib/gcc/nios2-elf/4.9.1\libgcc.a(_clzsi2.o)
 .data          0x0000000008015a48        0x0 e:/altera/15.0/nios2eds/bin/gnu/h-x86_64-mingw32/bin/../lib/gcc/nios2-elf/4.9.1\libgcc.a(_clz.o)
 .data          0x0000000008015a48        0x0 ../rt-thread_demo_bsp/\libhal_bsp.a(alt_irq_register.o)
 .data          0x0000000008015a48        0x0 ../rt-thread_demo_bsp/\libhal_bsp.a(alt_irq_vars.o)
 .data          0x0000000008015a48        0x0 ../rt-thread_demo_bsp/\libhal_bsp.a(alt_main.o)
 .data          0x0000000008015a48     0x12cc ../rt-thread_demo_bsp/\libhal_bsp.a(alt_sys_init.o)
 .data          0x0000000008016d14        0x0 ../rt-thread_demo_bsp/\libhal_bsp.a(altera_avalon_cfi_flash.o)
 .data          0x0000000008016d14        0x0 ../rt-thread_demo_bsp/\libhal_bsp.a(altera_avalon_cfi_flash_table.o)
 .data          0x0000000008016d14        0x0 ../rt-thread_demo_bsp/\libhal_bsp.a(altera_avalon_epcs_flash_controller.o)
 .data          0x0000000008016d14        0x0 ../rt-thread_demo_bsp/\libhal_bsp.a(altera_avalon_jtag_uart_fd.o)
 .data          0x0000000008016d14        0x0 ../rt-thread_demo_bsp/\libhal_bsp.a(altera_avalon_jtag_uart_init.o)
 .data          0x0000000008016d14        0x0 ../rt-thread_demo_bsp/\libhal_bsp.a(altera_avalon_jtag_uart_ioctl.o)
 .data          0x0000000008016d14        0x0 ../rt-thread_demo_bsp/\libhal_bsp.a(altera_avalon_jtag_uart_read.o)
 .data          0x0000000008016d14        0x0 ../rt-thread_demo_bsp/\libhal_bsp.a(altera_avalon_jtag_uart_write.o)
 .data          0x0000000008016d14        0x0 ../rt-thread_demo_bsp/\libhal_bsp.a(altera_avalon_timer_sc.o)
 .data          0x0000000008016d14        0x0 ../rt-thread_demo_bsp/\libhal_bsp.a(altera_avalon_uart_fd.o)
 .data          0x0000000008016d14        0x0 ../rt-thread_demo_bsp/\libhal_bsp.a(altera_avalon_uart_init.o)
 .data          0x0000000008016d14        0x0 ../rt-thread_demo_bsp/\libhal_bsp.a(altera_avalon_uart_read.o)
 .data          0x0000000008016d14        0x0 ../rt-thread_demo_bsp/\libhal_bsp.a(altera_avalon_uart_write.o)
 .data          0x0000000008016d14        0x0 ../rt-thread_demo_bsp/\libhal_bsp.a(epcs_commands.o)
 .data          0x0000000008016d14        0x0 ../rt-thread_demo_bsp/\libhal_bsp.a(alt_alarm_start.o)
 .data          0x0000000008016d14        0x0 ../rt-thread_demo_bsp/\libhal_bsp.a(alt_close.o)
 .data          0x0000000008016d14        0x0 ../rt-thread_demo_bsp/\libhal_bsp.a(alt_dcache_flush.o)
 .data          0x0000000008016d14      0x1a8 ../rt-thread_demo_bsp/\libhal_bsp.a(alt_dev.o)
                0x0000000008016d14                alt_dev_null
                0x0000000008016d3c                alt_fd_list
 .data          0x0000000008016ebc        0x0 ../rt-thread_demo_bsp/\libhal_bsp.a(alt_dev_llist_insert.o)
 .data          0x0000000008016ebc        0x0 ../rt-thread_demo_bsp/\libhal_bsp.a(alt_do_ctors.o)
 .data          0x0000000008016ebc        0x0 ../rt-thread_demo_bsp/\libhal_bsp.a(alt_do_dtors.o)
 .data          0x0000000008016ebc        0x0 ../rt-thread_demo_bsp/\libhal_bsp.a(alt_errno.o)
 .data          0x0000000008016ebc        0x0 ../rt-thread_demo_bsp/\libhal_bsp.a(alt_flash_dev.o)
 .data          0x0000000008016ebc        0x0 ../rt-thread_demo_bsp/\libhal_bsp.a(alt_iic.o)
 .data          0x0000000008016ebc        0x0 ../rt-thread_demo_bsp/\libhal_bsp.a(alt_iic_isr_register.o)
 .data          0x0000000008016ebc        0x0 ../rt-thread_demo_bsp/\libhal_bsp.a(alt_io_redirect.o)
 .data          0x0000000008016ebc        0x0 ../rt-thread_demo_bsp/\libhal_bsp.a(alt_irq_entry.o)
 .data          0x0000000008016ebc        0x0 ../rt-thread_demo_bsp/\libhal_bsp.a(alt_irq_handler.o)
 .data          0x0000000008016ebc        0x0 ../rt-thread_demo_bsp/\libhal_bsp.a(alt_open.o)
 .data          0x0000000008016ebc        0x0 ../rt-thread_demo_bsp/\libhal_bsp.a(alt_release_fd.o)
 .data          0x0000000008016ebc        0x0 ../rt-thread_demo_bsp/\libhal_bsp.a(alt_tick.o)
 .data          0x0000000008016ebc        0x0 ../rt-thread_demo_bsp/\libhal_bsp.a(altera_nios2_gen2_irq.o)
 .data          0x0000000008016ebc        0x0 ../rt-thread_demo_bsp/\libhal_bsp.a(altera_avalon_cfi_flash_amd.o)
 .data          0x0000000008016ebc        0x0 ../rt-thread_demo_bsp/\libhal_bsp.a(altera_avalon_cfi_flash_intel.o)
 .data          0x0000000008016ebc        0x0 ../rt-thread_demo_bsp/\libhal_bsp.a(altera_avalon_spi.o)
 .data          0x0000000008016ebc        0x0 ../rt-thread_demo_bsp/\libhal_bsp.a(alt_exception_entry.o)
 .data          0x0000000008016ebc        0x0 ../rt-thread_demo_bsp/\libhal_bsp.a(alt_find_dev.o)
 .data          0x0000000008016ebc        0x0 ../rt-thread_demo_bsp/\libhal_bsp.a(alt_find_file.o)
 .data          0x0000000008016ebc        0x0 ../rt-thread_demo_bsp/\libhal_bsp.a(alt_get_fd.o)
 .data          0x0000000008016ebc        0x0 ../rt-thread_demo_bsp/\libhal_bsp.a(alt_instruction_exception_entry.o)
 .data          0x0000000008016ebc        0x0 ../rt-thread_demo_bsp/\libhal_bsp.a(alt_usleep.o)
 .data          0x0000000008016ebc        0x0 ../rt-thread_demo_bsp/\libhal_bsp.a(alt_busy_sleep.o)
 .data          0x0000000008016ebc        0x0 e:/altera/15.0/nios2eds/bin/gnu/h-x86_64-mingw32/bin/../lib/gcc/nios2-elf/4.9.1/../../../../../H-x86_64-mingw32/nios2-elf/lib\libc.a(lib_a-atexit.o)
 .data          0x0000000008016ebc        0x0 e:/altera/15.0/nios2eds/bin/gnu/h-x86_64-mingw32/bin/../lib/gcc/nios2-elf/4.9.1/../../../../../H-x86_64-mingw32/nios2-elf/lib\libc.a(lib_a-exit.o)
 .data          0x0000000008016ebc      0x424 e:/altera/15.0/nios2eds/bin/gnu/h-x86_64-mingw32/bin/../lib/gcc/nios2-elf/4.9.1/../../../../../H-x86_64-mingw32/nios2-elf/lib\libc.a(lib_a-impure.o)
 .data          0x00000000080172e0        0x0 e:/altera/15.0/nios2eds/bin/gnu/h-x86_64-mingw32/bin/../lib/gcc/nios2-elf/4.9.1/../../../../../H-x86_64-mingw32/nios2-elf/lib\libc.a(lib_a-int_errno.o)
 .data          0x00000000080172e0        0x0 e:/altera/15.0/nios2eds/bin/gnu/h-x86_64-mingw32/bin/../lib/gcc/nios2-elf/4.9.1/../../../../../H-x86_64-mingw32/nios2-elf/lib\libc.a(lib_a-memcmp.o)
 .data          0x00000000080172e0        0x0 e:/altera/15.0/nios2eds/bin/gnu/h-x86_64-mingw32/bin/../lib/gcc/nios2-elf/4.9.1/../../../../../H-x86_64-mingw32/nios2-elf/lib\libc.a(lib_a-memcpy.o)
 .data          0x00000000080172e0        0x0 e:/altera/15.0/nios2eds/bin/gnu/h-x86_64-mingw32/bin/../lib/gcc/nios2-elf/4.9.1/../../../../../H-x86_64-mingw32/nios2-elf/lib\libc.a(lib_a-strlen.o)
 .data          0x00000000080172e0        0x0 e:/altera/15.0/nios2eds/bin/gnu/h-x86_64-mingw32/bin/../lib/gcc/nios2-elf/4.9.1/../../../../../H-x86_64-mingw32/nios2-elf/lib\libc.a(lib_a-__atexit.o)
 .data          0x00000000080172e0        0x0 e:/altera/15.0/nios2eds/bin/gnu/h-x86_64-mingw32/bin/../lib/gcc/nios2-elf/4.9.1/../../../../../H-x86_64-mingw32/nios2-elf/lib\libc.a(lib_a-__call_atexit.o)
 .data          0x00000000080172e0        0x0 ../rt-thread_demo_bsp/\libhal_bsp.a(alt_exit.o)
                0x000000000801f2e0                _gp = ABSOLUTE ((. + 0x8000))
                0x000000000801f2e0                PROVIDE (gp, _gp)
 *(.rwdata .rwdata.*)
 *(.sdata .sdata.* .gnu.linkonce.s.*)
 .sdata         0x00000000080172e0        0x8 obj/default/rt-thread/src/idle.o
 .sdata         0x00000000080172e8        0x8 obj/default/rt-thread/src/mem.o
 .sdata         0x00000000080172f0        0x4 ../rt-thread_demo_bsp/\libhal_bsp.a(alt_irq_vars.o)
                0x00000000080172f0                alt_priority_mask
 .sdata         0x00000000080172f4       0x14 ../rt-thread_demo_bsp/\libhal_bsp.a(alt_dev.o)
                0x00000000080172f4                alt_fs_list
                0x00000000080172fc                alt_dev_list
                0x0000000008017304                alt_max_fd
 .sdata         0x0000000008017308        0x4 ../rt-thread_demo_bsp/\libhal_bsp.a(alt_errno.o)
                0x0000000008017308                alt_errno
 .sdata         0x000000000801730c        0x8 ../rt-thread_demo_bsp/\libhal_bsp.a(alt_flash_dev.o)
                0x000000000801730c                alt_flash_dev_list
 .sdata         0x0000000008017314        0x8 ../rt-thread_demo_bsp/\libhal_bsp.a(alt_tick.o)
                0x0000000008017314                alt_alarm_list
 .sdata         0x000000000801731c        0x8 e:/altera/15.0/nios2eds/bin/gnu/h-x86_64-mingw32/bin/../lib/gcc/nios2-elf/4.9.1/../../../../../H-x86_64-mingw32/nios2-elf/lib\libc.a(lib_a-impure.o)
                0x000000000801731c                _global_impure_ptr
                0x0000000008017320                _impure_ptr
 *(.sdata2 .sdata2.* .gnu.linkonce.s2.*)
                0x0000000008017324                . = ALIGN (0x4)
                0x0000000008017324                _edata = ABSOLUTE (.)
                0x0000000008017324                PROVIDE (edata, ABSOLUTE (.))
                0x0000000008017324                PROVIDE (__ram_rwdata_end, ABSOLUTE (.))
                0x00000000080159b8                PROVIDE (__flash_rwdata_start, LOADADDR (.rwdata))

.bss            0x0000000008017324      0xd58
                0x0000000008017324                __bss_start = ABSOLUTE (.)
                0x0000000008017324                PROVIDE (__sbss_start, ABSOLUTE (.))
                0x0000000008017324                PROVIDE (___sbss_start, ABSOLUTE (.))
 *(.dynsbss)
 *(.sbss .sbss.* .gnu.linkonce.sb.*)
 .sbss          0x0000000008017324        0xc obj/default/rt-thread/bsp/src/application.o
 .sbss          0x0000000008017330        0x8 obj/default/rt-thread/bsp/src/uart.o
                0x0000000008017330                rx_put_index
                0x0000000008017334                rx_get_index
 .sbss          0x0000000008017338       0x10 obj/default/rt-thread/libcpu/nios/nios_ii/interrupt.o
                0x0000000008017338                rt_interrupt_to_thread
                0x000000000801733c                rt_interrupt_from_thread
                0x0000000008017340                rt_current_thread_entry
                0x0000000008017344                rt_thread_switch_interrupt_flag
 .sbss          0x0000000008017348        0x4 obj/default/rt-thread/src/clock.o
 .sbss          0x000000000801734c        0xc obj/default/rt-thread/src/irq.o
                0x0000000008017354                rt_interrupt_nest
 .sbss          0x0000000008017358        0xc obj/default/rt-thread/src/kservice.o
                0x0000000008017360                rt_assert_hook
 .sbss          0x0000000008017364       0x20 obj/default/rt-thread/src/mem.o
 .sbss          0x0000000008017384        0x8 obj/default/rt-thread/src/mempool.o
 .sbss          0x000000000801738c       0x14 obj/default/rt-thread/src/object.o
                0x0000000008017394                rt_object_put_hook
                0x0000000008017398                rt_object_take_hook
                0x000000000801739c                rt_object_trytake_hook
 .sbss          0x00000000080173a0       0x18 obj/default/rt-thread/src/scheduler.o
                0x00000000080173a4                rt_current_thread
                0x00000000080173b0                rt_current_priority
                0x00000000080173b4                rt_thread_ready_priority_group
 .sbss          0x00000000080173b8        0xc obj/default/rt-thread/src/thread.o
 .sbss          0x00000000080173c4       0x14 obj/default/rt-thread/src/timer.o
 .sbss          0x00000000080173d8        0x4 ../rt-thread_demo_bsp/\libhal_bsp.a(alt_irq_vars.o)
                0x00000000080173d8                alt_irq_active
 .sbss          0x00000000080173dc        0xc ../rt-thread_demo_bsp/\libhal_bsp.a(alt_main.o)
                0x00000000080173dc                alt_argc
                0x00000000080173e0                alt_argv
                0x00000000080173e4                alt_envp
 .sbss          0x00000000080173e8        0x8 ../rt-thread_demo_bsp/\libhal_bsp.a(alt_tick.o)
                0x00000000080173e8                _alt_tick_rate
                0x00000000080173ec                _alt_nticks
 .sbss          0x00000000080173f0        0x4 ../rt-thread_demo_bsp/\libhal_bsp.a(alt_instruction_exception_entry.o)
                0x00000000080173f0                alt_instruction_exception_handler
 .sbss          0x00000000080173f4        0x4 e:/altera/15.0/nios2eds/bin/gnu/h-x86_64-mingw32/bin/../lib/gcc/nios2-elf/4.9.1/../../../../../H-x86_64-mingw32/nios2-elf/lib\libc.a(lib_a-int_errno.o)
                0x00000000080173f4                errno
 *(.sbss2 .sbss2.* .gnu.linkonce.sb2.*)
 *(.scommon)
                0x00000000080173f8                PROVIDE (__sbss_end, ABSOLUTE (.))
                0x00000000080173f8                PROVIDE (___sbss_end, ABSOLUTE (.))
 *(.dynbss)
 *(.bss .bss.* .gnu.linkonce.b.*)
 .bss           0x00000000080173f8        0x0 ../rt-thread_demo_bsp//obj/HAL/src/crt0.o
 .bss           0x00000000080173f8      0x42c obj/default/rt-thread/bsp/src/application.o
 .bss           0x0000000008017824        0x0 obj/default/rt-thread/bsp/src/board.o
 .bss           0x0000000008017824        0x0 obj/default/rt-thread/bsp/src/startup.o
 .bss           0x0000000008017824        0x0 obj/default/rt-thread/bsp/src/uart.o
 .bss           0x0000000008017824        0x0 obj/default/rt-thread/libcpu/nios/nios_ii/interrupt.o
 .bss           0x0000000008017824        0x0 obj/default/rt-thread/libcpu/nios/nios_ii/stack.o
 .bss           0x0000000008017824        0x0 obj/default/rt-thread/src/clock.o
 .bss           0x0000000008017824        0x0 obj/default/rt-thread/src/device.o
 .bss           0x0000000008017824      0x490 obj/default/rt-thread/src/idle.o
 .bss           0x0000000008017cb4        0x0 obj/default/rt-thread/src/ipc.o
 .bss           0x0000000008017cb4        0x0 obj/default/rt-thread/src/irq.o
 .bss           0x0000000008017cb4       0x80 obj/default/rt-thread/src/kservice.o
 .bss           0x0000000008017d34       0x20 obj/default/rt-thread/src/mem.o
 .bss           0x0000000008017d54        0x0 obj/default/rt-thread/src/mempool.o
 .bss           0x0000000008017d54        0x0 obj/default/rt-thread/src/object.o
 .bss           0x0000000008017d54        0x0 obj/default/rt-thread/src/scheduler.o
 .bss           0x0000000008017d54        0x0 obj/default/rt-thread/src/slab.o
 .bss           0x0000000008017d54        0x0 obj/default/rt-thread/src/thread.o
 .bss           0x0000000008017d54        0x0 obj/default/rt-thread/src/timer.o
 .bss           0x0000000008017d54        0x0 obj/default/rt-thread/libcpu/nios/nios_ii/context_gcc.o
 .bss           0x0000000008017d54        0x0 obj/default/rt-thread/libcpu/nios/nios_ii/vector.o
 .bss           0x0000000008017d54        0x0 e:/altera/15.0/nios2eds/bin/gnu/h-x86_64-mingw32/bin/../lib/gcc/nios2-elf/4.9.1\libgcc.a(_fixunsdfsi.o)
 .bss           0x0000000008017d54        0x0 e:/altera/15.0/nios2eds/bin/gnu/h-x86_64-mingw32/bin/../lib/gcc/nios2-elf/4.9.1\libgcc.a(lib2-divmod.o)
 .bss           0x0000000008017d54        0x0 e:/altera/15.0/nios2eds/bin/gnu/h-x86_64-mingw32/bin/../lib/gcc/nios2-elf/4.9.1\libgcc.a(adddf3.o)
 .bss           0x0000000008017d54        0x0 e:/altera/15.0/nios2eds/bin/gnu/h-x86_64-mingw32/bin/../lib/gcc/nios2-elf/4.9.1\libgcc.a(gedf2.o)
 .bss           0x0000000008017d54        0x0 e:/altera/15.0/nios2eds/bin/gnu/h-x86_64-mingw32/bin/../lib/gcc/nios2-elf/4.9.1\libgcc.a(subdf3.o)
 .bss           0x0000000008017d54        0x0 e:/altera/15.0/nios2eds/bin/gnu/h-x86_64-mingw32/bin/../lib/gcc/nios2-elf/4.9.1\libgcc.a(fixdfsi.o)
 .bss           0x0000000008017d54        0x0 e:/altera/15.0/nios2eds/bin/gnu/h-x86_64-mingw32/bin/../lib/gcc/nios2-elf/4.9.1\libgcc.a(floatunsidf.o)
 .bss           0x0000000008017d54        0x0 e:/altera/15.0/nios2eds/bin/gnu/h-x86_64-mingw32/bin/../lib/gcc/nios2-elf/4.9.1\libgcc.a(_clzsi2.o)
 .bss           0x0000000008017d54        0x0 e:/altera/15.0/nios2eds/bin/gnu/h-x86_64-mingw32/bin/../lib/gcc/nios2-elf/4.9.1\libgcc.a(_clz.o)
 .bss           0x0000000008017d54        0x0 ../rt-thread_demo_bsp/\libhal_bsp.a(alt_irq_register.o)
 .bss           0x0000000008017d54        0x0 ../rt-thread_demo_bsp/\libhal_bsp.a(alt_irq_vars.o)
 .bss           0x0000000008017d54        0x0 ../rt-thread_demo_bsp/\libhal_bsp.a(alt_main.o)
 .bss           0x0000000008017d54        0x0 ../rt-thread_demo_bsp/\libhal_bsp.a(alt_sys_init.o)
 .bss           0x0000000008017d54        0x0 ../rt-thread_demo_bsp/\libhal_bsp.a(altera_avalon_cfi_flash.o)
 .bss           0x0000000008017d54        0x0 ../rt-thread_demo_bsp/\libhal_bsp.a(altera_avalon_cfi_flash_table.o)
 .bss           0x0000000008017d54        0x0 ../rt-thread_demo_bsp/\libhal_bsp.a(altera_avalon_epcs_flash_controller.o)
 .bss           0x0000000008017d54        0x0 ../rt-thread_demo_bsp/\libhal_bsp.a(altera_avalon_jtag_uart_fd.o)
 .bss           0x0000000008017d54        0x0 ../rt-thread_demo_bsp/\libhal_bsp.a(altera_avalon_jtag_uart_init.o)
 .bss           0x0000000008017d54        0x0 ../rt-thread_demo_bsp/\libhal_bsp.a(altera_avalon_jtag_uart_ioctl.o)
 .bss           0x0000000008017d54        0x0 ../rt-thread_demo_bsp/\libhal_bsp.a(altera_avalon_jtag_uart_read.o)
 .bss           0x0000000008017d54        0x0 ../rt-thread_demo_bsp/\libhal_bsp.a(altera_avalon_jtag_uart_write.o)
 .bss           0x0000000008017d54        0x0 ../rt-thread_demo_bsp/\libhal_bsp.a(altera_avalon_timer_sc.o)
 .bss           0x0000000008017d54        0x0 ../rt-thread_demo_bsp/\libhal_bsp.a(altera_avalon_uart_fd.o)
 .bss           0x0000000008017d54        0x0 ../rt-thread_demo_bsp/\libhal_bsp.a(altera_avalon_uart_init.o)
 .bss           0x0000000008017d54        0x0 ../rt-thread_demo_bsp/\libhal_bsp.a(altera_avalon_uart_read.o)
 .bss           0x0000000008017d54        0x0 ../rt-thread_demo_bsp/\libhal_bsp.a(altera_avalon_uart_write.o)
 .bss           0x0000000008017d54        0x0 ../rt-thread_demo_bsp/\libhal_bsp.a(epcs_commands.o)
 .bss           0x0000000008017d54        0x0 ../rt-thread_demo_bsp/\libhal_bsp.a(alt_alarm_start.o)
 .bss           0x0000000008017d54        0x0 ../rt-thread_demo_bsp/\libhal_bsp.a(alt_close.o)
 .bss           0x0000000008017d54        0x0 ../rt-thread_demo_bsp/\libhal_bsp.a(alt_dcache_flush.o)
 .bss           0x0000000008017d54        0x0 ../rt-thread_demo_bsp/\libhal_bsp.a(alt_dev.o)
 .bss           0x0000000008017d54        0x0 ../rt-thread_demo_bsp/\libhal_bsp.a(alt_dev_llist_insert.o)
 .bss           0x0000000008017d54        0x0 ../rt-thread_demo_bsp/\libhal_bsp.a(alt_do_ctors.o)
 .bss           0x0000000008017d54        0x0 ../rt-thread_demo_bsp/\libhal_bsp.a(alt_do_dtors.o)
 .bss           0x0000000008017d54        0x0 ../rt-thread_demo_bsp/\libhal_bsp.a(alt_errno.o)
 .bss           0x0000000008017d54        0x0 ../rt-thread_demo_bsp/\libhal_bsp.a(alt_flash_dev.o)
 .bss           0x0000000008017d54        0x0 ../rt-thread_demo_bsp/\libhal_bsp.a(alt_iic.o)
 .bss           0x0000000008017d54        0x0 ../rt-thread_demo_bsp/\libhal_bsp.a(alt_iic_isr_register.o)
 .bss           0x0000000008017d54        0x0 ../rt-thread_demo_bsp/\libhal_bsp.a(alt_io_redirect.o)
 .bss           0x0000000008017d54        0x0 ../rt-thread_demo_bsp/\libhal_bsp.a(alt_irq_entry.o)
 .bss           0x0000000008017d54        0x0 ../rt-thread_demo_bsp/\libhal_bsp.a(alt_irq_handler.o)
 .bss           0x0000000008017d54        0x0 ../rt-thread_demo_bsp/\libhal_bsp.a(alt_open.o)
 .bss           0x0000000008017d54        0x0 ../rt-thread_demo_bsp/\libhal_bsp.a(alt_release_fd.o)
 .bss           0x0000000008017d54        0x0 ../rt-thread_demo_bsp/\libhal_bsp.a(alt_tick.o)
 .bss           0x0000000008017d54        0x0 ../rt-thread_demo_bsp/\libhal_bsp.a(altera_nios2_gen2_irq.o)
 .bss           0x0000000008017d54        0x0 ../rt-thread_demo_bsp/\libhal_bsp.a(altera_avalon_cfi_flash_amd.o)
 .bss           0x0000000008017d54        0x0 ../rt-thread_demo_bsp/\libhal_bsp.a(altera_avalon_cfi_flash_intel.o)
 .bss           0x0000000008017d54        0x0 ../rt-thread_demo_bsp/\libhal_bsp.a(altera_avalon_spi.o)
 .bss           0x0000000008017d54        0x0 ../rt-thread_demo_bsp/\libhal_bsp.a(alt_exception_entry.o)
 .bss           0x0000000008017d54        0x0 ../rt-thread_demo_bsp/\libhal_bsp.a(alt_find_dev.o)
 .bss           0x0000000008017d54        0x0 ../rt-thread_demo_bsp/\libhal_bsp.a(alt_find_file.o)
 .bss           0x0000000008017d54        0x0 ../rt-thread_demo_bsp/\libhal_bsp.a(alt_get_fd.o)
 .bss           0x0000000008017d54        0x0 ../rt-thread_demo_bsp/\libhal_bsp.a(alt_instruction_exception_entry.o)
 .bss           0x0000000008017d54        0x0 ../rt-thread_demo_bsp/\libhal_bsp.a(alt_usleep.o)
 .bss           0x0000000008017d54        0x0 ../rt-thread_demo_bsp/\libhal_bsp.a(alt_busy_sleep.o)
 .bss           0x0000000008017d54        0x0 e:/altera/15.0/nios2eds/bin/gnu/h-x86_64-mingw32/bin/../lib/gcc/nios2-elf/4.9.1/../../../../../H-x86_64-mingw32/nios2-elf/lib\libc.a(lib_a-atexit.o)
 .bss           0x0000000008017d54        0x0 e:/altera/15.0/nios2eds/bin/gnu/h-x86_64-mingw32/bin/../lib/gcc/nios2-elf/4.9.1/../../../../../H-x86_64-mingw32/nios2-elf/lib\libc.a(lib_a-exit.o)
 .bss           0x0000000008017d54        0x0 e:/altera/15.0/nios2eds/bin/gnu/h-x86_64-mingw32/bin/../lib/gcc/nios2-elf/4.9.1/../../../../../H-x86_64-mingw32/nios2-elf/lib\libc.a(lib_a-impure.o)
 .bss           0x0000000008017d54        0x0 e:/altera/15.0/nios2eds/bin/gnu/h-x86_64-mingw32/bin/../lib/gcc/nios2-elf/4.9.1/../../../../../H-x86_64-mingw32/nios2-elf/lib\libc.a(lib_a-int_errno.o)
 .bss           0x0000000008017d54        0x0 e:/altera/15.0/nios2eds/bin/gnu/h-x86_64-mingw32/bin/../lib/gcc/nios2-elf/4.9.1/../../../../../H-x86_64-mingw32/nios2-elf/lib\libc.a(lib_a-memcmp.o)
 .bss           0x0000000008017d54        0x0 e:/altera/15.0/nios2eds/bin/gnu/h-x86_64-mingw32/bin/../lib/gcc/nios2-elf/4.9.1/../../../../../H-x86_64-mingw32/nios2-elf/lib\libc.a(lib_a-memcpy.o)
 .bss           0x0000000008017d54        0x0 e:/altera/15.0/nios2eds/bin/gnu/h-x86_64-mingw32/bin/../lib/gcc/nios2-elf/4.9.1/../../../../../H-x86_64-mingw32/nios2-elf/lib\libc.a(lib_a-strlen.o)
 .bss           0x0000000008017d54        0x0 e:/altera/15.0/nios2eds/bin/gnu/h-x86_64-mingw32/bin/../lib/gcc/nios2-elf/4.9.1/../../../../../H-x86_64-mingw32/nios2-elf/lib\libc.a(lib_a-__atexit.o)
 .bss           0x0000000008017d54        0x0 e:/altera/15.0/nios2eds/bin/gnu/h-x86_64-mingw32/bin/../lib/gcc/nios2-elf/4.9.1/../../../../../H-x86_64-mingw32/nios2-elf/lib\libc.a(lib_a-__call_atexit.o)
 .bss           0x0000000008017d54        0x0 ../rt-thread_demo_bsp/\libhal_bsp.a(alt_exit.o)
 *(COMMON)
 COMMON         0x0000000008017d54       0x80 obj/default/rt-thread/bsp/src/application.o
                0x0000000008017d54                thread_led1
 COMMON         0x0000000008017dd4       0xa8 obj/default/rt-thread/bsp/src/uart.o
                0x0000000008017dd4                uart_device
                0x0000000008017e18                rx_buf
 COMMON         0x0000000008017e7c      0x100 obj/default/rt-thread/src/scheduler.o
                0x0000000008017e7c                rt_thread_priority_table
 COMMON         0x0000000008017f7c      0x100 ../rt-thread_demo_bsp/\libhal_bsp.a(alt_irq_handler.o)
                0x0000000008017f7c                alt_irq
                0x000000000801807c                . = ALIGN (0x4)
                0x000000000801807c                __bss_end = ABSOLUTE (.)

.sdram          0x000000000801807c        0x0
                0x000000000801807c                PROVIDE (_alt_partition_sdram_start, ABSOLUTE (.))
 *(.sdram .sdram. sdram.*)
                0x000000000801807c                . = ALIGN (0x4)
                0x000000000801807c                PROVIDE (_alt_partition_sdram_end, ABSOLUTE (.))
                0x000000000801807c                _end = ABSOLUTE (.)
                0x000000000801807c                end = ABSOLUTE (.)
                0x000000000801807c                __alt_stack_base = ABSOLUTE (.)
                0x000000000801807c                PROVIDE (_alt_partition_sdram_load_addr, LOADADDR (.sdram))

.flash_generic_tristate_controller
                0x0000000010800000        0x0
                0x0000000010800000                PROVIDE (_alt_partition_flash_generic_tristate_controller_start, ABSOLUTE (.))
 *(.flash_generic_tristate_controller .flash_generic_tristate_controller. flash_generic_tristate_controller.*)
                0x0000000010800000                . = ALIGN (0x4)
                0x0000000010800000                PROVIDE (_alt_partition_flash_generic_tristate_controller_end, ABSOLUTE (.))
                0x0000000010800000                PROVIDE (_alt_partition_flash_generic_tristate_controller_load_addr, LOADADDR (.flash_generic_tristate_controller))

.sram           0x0000000011200000        0x0
                0x0000000011200000                PROVIDE (_alt_partition_sram_start, ABSOLUTE (.))
 *(.sram .sram. sram.*)
                0x0000000011200000                . = ALIGN (0x4)
                0x0000000011200000                PROVIDE (_alt_partition_sram_end, ABSOLUTE (.))
                0x0000000011200000                PROVIDE (_alt_partition_sram_load_addr, LOADADDR (.sram))

.epcs           0x0000000011401020        0x0
                0x0000000011401020                PROVIDE (_alt_partition_epcs_start, ABSOLUTE (.))
 *(.epcs .epcs. epcs.*)
                0x0000000011401020                . = ALIGN (0x4)
                0x0000000011401020                PROVIDE (_alt_partition_epcs_end, ABSOLUTE (.))
                0x0000000011401020                PROVIDE (_alt_partition_epcs_load_addr, LOADADDR (.epcs))

.stab
 *(.stab)

.stabstr
 *(.stabstr)

.stab.excl
 *(.stab.excl)

.stab.exclstr
 *(.stab.exclstr)

.stab.index
 *(.stab.index)

.stab.indexstr
 *(.stab.indexstr)

.comment        0x0000000000000000       0x23
 *(.comment)
 .comment       0x0000000000000000       0x23 obj/default/rt-thread/bsp/src/application.o
                                         0x24 (size before relaxing)
 .comment       0x0000000000000000       0x24 obj/default/rt-thread/bsp/src/board.o
 .comment       0x0000000000000000       0x24 obj/default/rt-thread/bsp/src/startup.o
 .comment       0x0000000000000000       0x24 obj/default/rt-thread/bsp/src/uart.o
 .comment       0x0000000000000000       0x24 obj/default/rt-thread/libcpu/nios/nios_ii/interrupt.o
 .comment       0x0000000000000000       0x24 obj/default/rt-thread/libcpu/nios/nios_ii/stack.o
 .comment       0x0000000000000000       0x24 obj/default/rt-thread/src/clock.o
 .comment       0x0000000000000000       0x24 obj/default/rt-thread/src/device.o
 .comment       0x0000000000000000       0x24 obj/default/rt-thread/src/idle.o
 .comment       0x0000000000000000       0x24 obj/default/rt-thread/src/ipc.o
 .comment       0x0000000000000000       0x24 obj/default/rt-thread/src/irq.o
 .comment       0x0000000000000000       0x24 obj/default/rt-thread/src/kservice.o
 .comment       0x0000000000000000       0x24 obj/default/rt-thread/src/mem.o
 .comment       0x0000000000000000       0x24 obj/default/rt-thread/src/mempool.o
 .comment       0x0000000000000000       0x24 obj/default/rt-thread/src/object.o
 .comment       0x0000000000000000       0x24 obj/default/rt-thread/src/scheduler.o
 .comment       0x0000000000000000       0x24 obj/default/rt-thread/src/slab.o
 .comment       0x0000000000000000       0x24 obj/default/rt-thread/src/thread.o
 .comment       0x0000000000000000       0x24 obj/default/rt-thread/src/timer.o
 .comment       0x0000000000000000       0x24 e:/altera/15.0/nios2eds/bin/gnu/h-x86_64-mingw32/bin/../lib/gcc/nios2-elf/4.9.1\libgcc.a(_fixunsdfsi.o)
 .comment       0x0000000000000000       0x24 e:/altera/15.0/nios2eds/bin/gnu/h-x86_64-mingw32/bin/../lib/gcc/nios2-elf/4.9.1\libgcc.a(lib2-divmod.o)
 .comment       0x0000000000000000       0x24 e:/altera/15.0/nios2eds/bin/gnu/h-x86_64-mingw32/bin/../lib/gcc/nios2-elf/4.9.1\libgcc.a(adddf3.o)
 .comment       0x0000000000000000       0x24 e:/altera/15.0/nios2eds/bin/gnu/h-x86_64-mingw32/bin/../lib/gcc/nios2-elf/4.9.1\libgcc.a(gedf2.o)
 .comment       0x0000000000000000       0x24 e:/altera/15.0/nios2eds/bin/gnu/h-x86_64-mingw32/bin/../lib/gcc/nios2-elf/4.9.1\libgcc.a(subdf3.o)
 .comment       0x0000000000000000       0x24 e:/altera/15.0/nios2eds/bin/gnu/h-x86_64-mingw32/bin/../lib/gcc/nios2-elf/4.9.1\libgcc.a(fixdfsi.o)
 .comment       0x0000000000000000       0x24 e:/altera/15.0/nios2eds/bin/gnu/h-x86_64-mingw32/bin/../lib/gcc/nios2-elf/4.9.1\libgcc.a(floatunsidf.o)
 .comment       0x0000000000000000       0x24 e:/altera/15.0/nios2eds/bin/gnu/h-x86_64-mingw32/bin/../lib/gcc/nios2-elf/4.9.1\libgcc.a(_clzsi2.o)
 .comment       0x0000000000000000       0x24 e:/altera/15.0/nios2eds/bin/gnu/h-x86_64-mingw32/bin/../lib/gcc/nios2-elf/4.9.1\libgcc.a(_clz.o)
 .comment       0x0000000000000000       0x24 ../rt-thread_demo_bsp/\libhal_bsp.a(alt_irq_register.o)
 .comment       0x0000000000000000       0x24 ../rt-thread_demo_bsp/\libhal_bsp.a(alt_irq_vars.o)
 .comment       0x0000000000000000       0x24 ../rt-thread_demo_bsp/\libhal_bsp.a(alt_main.o)
 .comment       0x0000000000000000       0x24 ../rt-thread_demo_bsp/\libhal_bsp.a(alt_sys_init.o)
 .comment       0x0000000000000000       0x24 ../rt-thread_demo_bsp/\libhal_bsp.a(altera_avalon_cfi_flash.o)
 .comment       0x0000000000000000       0x24 ../rt-thread_demo_bsp/\libhal_bsp.a(altera_avalon_cfi_flash_table.o)
 .comment       0x0000000000000000       0x24 ../rt-thread_demo_bsp/\libhal_bsp.a(altera_avalon_epcs_flash_controller.o)
 .comment       0x0000000000000000       0x24 ../rt-thread_demo_bsp/\libhal_bsp.a(altera_avalon_jtag_uart_fd.o)
 .comment       0x0000000000000000       0x24 ../rt-thread_demo_bsp/\libhal_bsp.a(altera_avalon_jtag_uart_init.o)
 .comment       0x0000000000000000       0x24 ../rt-thread_demo_bsp/\libhal_bsp.a(altera_avalon_jtag_uart_ioctl.o)
 .comment       0x0000000000000000       0x24 ../rt-thread_demo_bsp/\libhal_bsp.a(altera_avalon_jtag_uart_read.o)
 .comment       0x0000000000000000       0x24 ../rt-thread_demo_bsp/\libhal_bsp.a(altera_avalon_jtag_uart_write.o)
 .comment       0x0000000000000000       0x24 ../rt-thread_demo_bsp/\libhal_bsp.a(altera_avalon_timer_sc.o)
 .comment       0x0000000000000000       0x24 ../rt-thread_demo_bsp/\libhal_bsp.a(altera_avalon_uart_fd.o)
 .comment       0x0000000000000000       0x24 ../rt-thread_demo_bsp/\libhal_bsp.a(altera_avalon_uart_init.o)
 .comment       0x0000000000000000       0x24 ../rt-thread_demo_bsp/\libhal_bsp.a(altera_avalon_uart_read.o)
 .comment       0x0000000000000000       0x24 ../rt-thread_demo_bsp/\libhal_bsp.a(altera_avalon_uart_write.o)
 .comment       0x0000000000000000       0x24 ../rt-thread_demo_bsp/\libhal_bsp.a(epcs_commands.o)
 .comment       0x0000000000000000       0x24 ../rt-thread_demo_bsp/\libhal_bsp.a(alt_alarm_start.o)
 .comment       0x0000000000000000       0x24 ../rt-thread_demo_bsp/\libhal_bsp.a(alt_close.o)
 .comment       0x0000000000000000       0x24 ../rt-thread_demo_bsp/\libhal_bsp.a(alt_dcache_flush.o)
 .comment       0x0000000000000000       0x24 ../rt-thread_demo_bsp/\libhal_bsp.a(alt_dev.o)
 .comment       0x0000000000000000       0x24 ../rt-thread_demo_bsp/\libhal_bsp.a(alt_dev_llist_insert.o)
 .comment       0x0000000000000000       0x24 ../rt-thread_demo_bsp/\libhal_bsp.a(alt_do_ctors.o)
 .comment       0x0000000000000000       0x24 ../rt-thread_demo_bsp/\libhal_bsp.a(alt_do_dtors.o)
 .comment       0x0000000000000000       0x24 ../rt-thread_demo_bsp/\libhal_bsp.a(alt_errno.o)
 .comment       0x0000000000000000       0x24 ../rt-thread_demo_bsp/\libhal_bsp.a(alt_flash_dev.o)
 .comment       0x0000000000000000       0x24 ../rt-thread_demo_bsp/\libhal_bsp.a(alt_iic.o)
 .comment       0x0000000000000000       0x24 ../rt-thread_demo_bsp/\libhal_bsp.a(alt_iic_isr_register.o)
 .comment       0x0000000000000000       0x24 ../rt-thread_demo_bsp/\libhal_bsp.a(alt_io_redirect.o)
 .comment       0x0000000000000000       0x24 ../rt-thread_demo_bsp/\libhal_bsp.a(alt_irq_handler.o)
 .comment       0x0000000000000000       0x24 ../rt-thread_demo_bsp/\libhal_bsp.a(alt_open.o)
 .comment       0x0000000000000000       0x24 ../rt-thread_demo_bsp/\libhal_bsp.a(alt_release_fd.o)
 .comment       0x0000000000000000       0x24 ../rt-thread_demo_bsp/\libhal_bsp.a(alt_tick.o)
 .comment       0x0000000000000000       0x24 ../rt-thread_demo_bsp/\libhal_bsp.a(altera_nios2_gen2_irq.o)
 .comment       0x0000000000000000       0x24 ../rt-thread_demo_bsp/\libhal_bsp.a(altera_avalon_cfi_flash_amd.o)
 .comment       0x0000000000000000       0x24 ../rt-thread_demo_bsp/\libhal_bsp.a(altera_avalon_cfi_flash_intel.o)
 .comment       0x0000000000000000       0x24 ../rt-thread_demo_bsp/\libhal_bsp.a(altera_avalon_spi.o)
 .comment       0x0000000000000000       0x24 ../rt-thread_demo_bsp/\libhal_bsp.a(alt_find_dev.o)
 .comment       0x0000000000000000       0x24 ../rt-thread_demo_bsp/\libhal_bsp.a(alt_find_file.o)
 .comment       0x0000000000000000       0x24 ../rt-thread_demo_bsp/\libhal_bsp.a(alt_get_fd.o)
 .comment       0x0000000000000000       0x24 ../rt-thread_demo_bsp/\libhal_bsp.a(alt_instruction_exception_entry.o)
 .comment       0x0000000000000000       0x24 ../rt-thread_demo_bsp/\libhal_bsp.a(alt_usleep.o)
 .comment       0x0000000000000000       0x24 ../rt-thread_demo_bsp/\libhal_bsp.a(alt_busy_sleep.o)
 .comment       0x0000000000000000       0x24 e:/altera/15.0/nios2eds/bin/gnu/h-x86_64-mingw32/bin/../lib/gcc/nios2-elf/4.9.1/../../../../../H-x86_64-mingw32/nios2-elf/lib\libc.a(lib_a-atexit.o)
 .comment       0x0000000000000000       0x24 e:/altera/15.0/nios2eds/bin/gnu/h-x86_64-mingw32/bin/../lib/gcc/nios2-elf/4.9.1/../../../../../H-x86_64-mingw32/nios2-elf/lib\libc.a(lib_a-exit.o)
 .comment       0x0000000000000000       0x24 e:/altera/15.0/nios2eds/bin/gnu/h-x86_64-mingw32/bin/../lib/gcc/nios2-elf/4.9.1/../../../../../H-x86_64-mingw32/nios2-elf/lib\libc.a(lib_a-impure.o)
 .comment       0x0000000000000000       0x24 e:/altera/15.0/nios2eds/bin/gnu/h-x86_64-mingw32/bin/../lib/gcc/nios2-elf/4.9.1/../../../../../H-x86_64-mingw32/nios2-elf/lib\libc.a(lib_a-int_errno.o)
 .comment       0x0000000000000000       0x24 e:/altera/15.0/nios2eds/bin/gnu/h-x86_64-mingw32/bin/../lib/gcc/nios2-elf/4.9.1/../../../../../H-x86_64-mingw32/nios2-elf/lib\libc.a(lib_a-memcmp.o)
 .comment       0x0000000000000000       0x24 e:/altera/15.0/nios2eds/bin/gnu/h-x86_64-mingw32/bin/../lib/gcc/nios2-elf/4.9.1/../../../../../H-x86_64-mingw32/nios2-elf/lib\libc.a(lib_a-memcpy.o)
 .comment       0x0000000000000000       0x24 e:/altera/15.0/nios2eds/bin/gnu/h-x86_64-mingw32/bin/../lib/gcc/nios2-elf/4.9.1/../../../../../H-x86_64-mingw32/nios2-elf/lib\libc.a(lib_a-strlen.o)
 .comment       0x0000000000000000       0x24 e:/altera/15.0/nios2eds/bin/gnu/h-x86_64-mingw32/bin/../lib/gcc/nios2-elf/4.9.1/../../../../../H-x86_64-mingw32/nios2-elf/lib\libc.a(lib_a-__atexit.o)
 .comment       0x0000000000000000       0x24 e:/altera/15.0/nios2eds/bin/gnu/h-x86_64-mingw32/bin/../lib/gcc/nios2-elf/4.9.1/../../../../../H-x86_64-mingw32/nios2-elf/lib\libc.a(lib_a-__call_atexit.o)
 .comment       0x0000000000000000       0x24 ../rt-thread_demo_bsp/\libhal_bsp.a(alt_exit.o)

.debug
 *(.debug)

.line
 *(.line)

.debug_srcinfo
 *(.debug_srcinfo)

.debug_sfnames
 *(.debug_sfnames)

.debug_aranges  0x0000000000000000      0xad8
 *(.debug_aranges)
 .debug_aranges
                0x0000000000000000       0x20 ../rt-thread_demo_bsp//obj/HAL/src/crt0.o
 .debug_aranges
                0x0000000000000020       0x20 obj/default/rt-thread/bsp/src/application.o
 .debug_aranges
                0x0000000000000040       0x20 obj/default/rt-thread/bsp/src/board.o
 .debug_aranges
                0x0000000000000060       0x20 obj/default/rt-thread/bsp/src/startup.o
 .debug_aranges
                0x0000000000000080       0x20 obj/default/rt-thread/bsp/src/uart.o
 .debug_aranges
                0x00000000000000a0       0x18 obj/default/rt-thread/libcpu/nios/nios_ii/interrupt.o
 .debug_aranges
                0x00000000000000b8       0x20 obj/default/rt-thread/libcpu/nios/nios_ii/stack.o
 .debug_aranges
                0x00000000000000d8       0x20 obj/default/rt-thread/src/clock.o
 .debug_aranges
                0x00000000000000f8       0x20 obj/default/rt-thread/src/device.o
 .debug_aranges
                0x0000000000000118       0x20 obj/default/rt-thread/src/idle.o
 .debug_aranges
                0x0000000000000138       0x20 obj/default/rt-thread/src/ipc.o
 .debug_aranges
                0x0000000000000158       0x20 obj/default/rt-thread/src/irq.o
 .debug_aranges
                0x0000000000000178       0x20 obj/default/rt-thread/src/kservice.o
 .debug_aranges
                0x0000000000000198       0x20 obj/default/rt-thread/src/mem.o
 .debug_aranges
                0x00000000000001b8       0x20 obj/default/rt-thread/src/mempool.o
 .debug_aranges
                0x00000000000001d8       0x20 obj/default/rt-thread/src/object.o
 .debug_aranges
                0x00000000000001f8       0x20 obj/default/rt-thread/src/scheduler.o
 .debug_aranges
                0x0000000000000218       0x18 obj/default/rt-thread/src/slab.o
 .debug_aranges
                0x0000000000000230       0x20 obj/default/rt-thread/src/thread.o
 .debug_aranges
                0x0000000000000250       0x20 obj/default/rt-thread/src/timer.o
 .debug_aranges
                0x0000000000000270       0x20 obj/default/rt-thread/libcpu/nios/nios_ii/context_gcc.o
 .debug_aranges
                0x0000000000000290       0x20 obj/default/rt-thread/libcpu/nios/nios_ii/vector.o
 .debug_aranges
                0x00000000000002b0       0x20 e:/altera/15.0/nios2eds/bin/gnu/h-x86_64-mingw32/bin/../lib/gcc/nios2-elf/4.9.1\libgcc.a(_fixunsdfsi.o)
 .debug_aranges
                0x00000000000002d0       0x20 e:/altera/15.0/nios2eds/bin/gnu/h-x86_64-mingw32/bin/../lib/gcc/nios2-elf/4.9.1\libgcc.a(lib2-divmod.o)
 .debug_aranges
                0x00000000000002f0       0x20 e:/altera/15.0/nios2eds/bin/gnu/h-x86_64-mingw32/bin/../lib/gcc/nios2-elf/4.9.1\libgcc.a(adddf3.o)
 .debug_aranges
                0x0000000000000310       0x20 e:/altera/15.0/nios2eds/bin/gnu/h-x86_64-mingw32/bin/../lib/gcc/nios2-elf/4.9.1\libgcc.a(gedf2.o)
 .debug_aranges
                0x0000000000000330       0x20 e:/altera/15.0/nios2eds/bin/gnu/h-x86_64-mingw32/bin/../lib/gcc/nios2-elf/4.9.1\libgcc.a(subdf3.o)
 .debug_aranges
                0x0000000000000350       0x20 e:/altera/15.0/nios2eds/bin/gnu/h-x86_64-mingw32/bin/../lib/gcc/nios2-elf/4.9.1\libgcc.a(fixdfsi.o)
 .debug_aranges
                0x0000000000000370       0x20 e:/altera/15.0/nios2eds/bin/gnu/h-x86_64-mingw32/bin/../lib/gcc/nios2-elf/4.9.1\libgcc.a(floatunsidf.o)
 .debug_aranges
                0x0000000000000390       0x20 e:/altera/15.0/nios2eds/bin/gnu/h-x86_64-mingw32/bin/../lib/gcc/nios2-elf/4.9.1\libgcc.a(_clzsi2.o)
 .debug_aranges
                0x00000000000003b0       0x18 e:/altera/15.0/nios2eds/bin/gnu/h-x86_64-mingw32/bin/../lib/gcc/nios2-elf/4.9.1\libgcc.a(_clz.o)
 .debug_aranges
                0x00000000000003c8       0x20 ../rt-thread_demo_bsp/\libhal_bsp.a(alt_irq_register.o)
 .debug_aranges
                0x00000000000003e8       0x18 ../rt-thread_demo_bsp/\libhal_bsp.a(alt_irq_vars.o)
 .debug_aranges
                0x0000000000000400       0x20 ../rt-thread_demo_bsp/\libhal_bsp.a(alt_main.o)
 .debug_aranges
                0x0000000000000420       0x20 ../rt-thread_demo_bsp/\libhal_bsp.a(alt_sys_init.o)
 .debug_aranges
                0x0000000000000440       0x20 ../rt-thread_demo_bsp/\libhal_bsp.a(altera_avalon_cfi_flash.o)
 .debug_aranges
                0x0000000000000460       0x20 ../rt-thread_demo_bsp/\libhal_bsp.a(altera_avalon_cfi_flash_table.o)
 .debug_aranges
                0x0000000000000480       0x20 ../rt-thread_demo_bsp/\libhal_bsp.a(altera_avalon_epcs_flash_controller.o)
 .debug_aranges
                0x00000000000004a0       0x20 ../rt-thread_demo_bsp/\libhal_bsp.a(altera_avalon_jtag_uart_fd.o)
 .debug_aranges
                0x00000000000004c0       0x20 ../rt-thread_demo_bsp/\libhal_bsp.a(altera_avalon_jtag_uart_init.o)
 .debug_aranges
                0x00000000000004e0       0x20 ../rt-thread_demo_bsp/\libhal_bsp.a(altera_avalon_jtag_uart_ioctl.o)
 .debug_aranges
                0x0000000000000500       0x20 ../rt-thread_demo_bsp/\libhal_bsp.a(altera_avalon_jtag_uart_read.o)
 .debug_aranges
                0x0000000000000520       0x20 ../rt-thread_demo_bsp/\libhal_bsp.a(altera_avalon_jtag_uart_write.o)
 .debug_aranges
                0x0000000000000540       0x20 ../rt-thread_demo_bsp/\libhal_bsp.a(altera_avalon_timer_sc.o)
 .debug_aranges
                0x0000000000000560       0x20 ../rt-thread_demo_bsp/\libhal_bsp.a(altera_avalon_uart_fd.o)
 .debug_aranges
                0x0000000000000580       0x20 ../rt-thread_demo_bsp/\libhal_bsp.a(altera_avalon_uart_init.o)
 .debug_aranges
                0x00000000000005a0       0x20 ../rt-thread_demo_bsp/\libhal_bsp.a(altera_avalon_uart_read.o)
 .debug_aranges
                0x00000000000005c0       0x20 ../rt-thread_demo_bsp/\libhal_bsp.a(altera_avalon_uart_write.o)
 .debug_aranges
                0x00000000000005e0       0x20 ../rt-thread_demo_bsp/\libhal_bsp.a(epcs_commands.o)
 .debug_aranges
                0x0000000000000600       0x20 ../rt-thread_demo_bsp/\libhal_bsp.a(alt_alarm_start.o)
 .debug_aranges
                0x0000000000000620       0x20 ../rt-thread_demo_bsp/\libhal_bsp.a(alt_close.o)
 .debug_aranges
                0x0000000000000640       0x20 ../rt-thread_demo_bsp/\libhal_bsp.a(alt_dcache_flush.o)
 .debug_aranges
                0x0000000000000660       0x20 ../rt-thread_demo_bsp/\libhal_bsp.a(alt_dev.o)
 .debug_aranges
                0x0000000000000680       0x20 ../rt-thread_demo_bsp/\libhal_bsp.a(alt_dev_llist_insert.o)
 .debug_aranges
                0x00000000000006a0       0x20 ../rt-thread_demo_bsp/\libhal_bsp.a(alt_do_ctors.o)
 .debug_aranges
                0x00000000000006c0       0x20 ../rt-thread_demo_bsp/\libhal_bsp.a(alt_do_dtors.o)
 .debug_aranges
                0x00000000000006e0       0x18 ../rt-thread_demo_bsp/\libhal_bsp.a(alt_errno.o)
 .debug_aranges
                0x00000000000006f8       0x20 ../rt-thread_demo_bsp/\libhal_bsp.a(alt_flash_dev.o)
 .debug_aranges
                0x0000000000000718       0x20 ../rt-thread_demo_bsp/\libhal_bsp.a(alt_iic.o)
 .debug_aranges
                0x0000000000000738       0x20 ../rt-thread_demo_bsp/\libhal_bsp.a(alt_iic_isr_register.o)
 .debug_aranges
                0x0000000000000758       0x20 ../rt-thread_demo_bsp/\libhal_bsp.a(alt_io_redirect.o)
 .debug_aranges
                0x0000000000000778       0x30 ../rt-thread_demo_bsp/\libhal_bsp.a(alt_irq_entry.o)
 .debug_aranges
                0x00000000000007a8       0x20 ../rt-thread_demo_bsp/\libhal_bsp.a(alt_irq_handler.o)
 .debug_aranges
                0x00000000000007c8       0x20 ../rt-thread_demo_bsp/\libhal_bsp.a(alt_open.o)
 .debug_aranges
                0x00000000000007e8       0x20 ../rt-thread_demo_bsp/\libhal_bsp.a(alt_release_fd.o)
 .debug_aranges
                0x0000000000000808       0x20 ../rt-thread_demo_bsp/\libhal_bsp.a(alt_tick.o)
 .debug_aranges
                0x0000000000000828       0x20 ../rt-thread_demo_bsp/\libhal_bsp.a(altera_nios2_gen2_irq.o)
 .debug_aranges
                0x0000000000000848       0x20 ../rt-thread_demo_bsp/\libhal_bsp.a(altera_avalon_cfi_flash_amd.o)
 .debug_aranges
                0x0000000000000868       0x20 ../rt-thread_demo_bsp/\libhal_bsp.a(altera_avalon_cfi_flash_intel.o)
 .debug_aranges
                0x0000000000000888       0x20 ../rt-thread_demo_bsp/\libhal_bsp.a(altera_avalon_spi.o)
 .debug_aranges
                0x00000000000008a8       0x38 ../rt-thread_demo_bsp/\libhal_bsp.a(alt_exception_entry.o)
 .debug_aranges
                0x00000000000008e0       0x20 ../rt-thread_demo_bsp/\libhal_bsp.a(alt_find_dev.o)
 .debug_aranges
                0x0000000000000900       0x20 ../rt-thread_demo_bsp/\libhal_bsp.a(alt_find_file.o)
 .debug_aranges
                0x0000000000000920       0x20 ../rt-thread_demo_bsp/\libhal_bsp.a(alt_get_fd.o)
 .debug_aranges
                0x0000000000000940       0x28 ../rt-thread_demo_bsp/\libhal_bsp.a(alt_instruction_exception_entry.o)
 .debug_aranges
                0x0000000000000968       0x20 ../rt-thread_demo_bsp/\libhal_bsp.a(alt_usleep.o)
 .debug_aranges
                0x0000000000000988       0x20 ../rt-thread_demo_bsp/\libhal_bsp.a(alt_busy_sleep.o)
 .debug_aranges
                0x00000000000009a8       0x20 e:/altera/15.0/nios2eds/bin/gnu/h-x86_64-mingw32/bin/../lib/gcc/nios2-elf/4.9.1/../../../../../H-x86_64-mingw32/nios2-elf/lib\libc.a(lib_a-atexit.o)
 .debug_aranges
                0x00000000000009c8       0x20 e:/altera/15.0/nios2eds/bin/gnu/h-x86_64-mingw32/bin/../lib/gcc/nios2-elf/4.9.1/../../../../../H-x86_64-mingw32/nios2-elf/lib\libc.a(lib_a-exit.o)
 .debug_aranges
                0x00000000000009e8       0x18 e:/altera/15.0/nios2eds/bin/gnu/h-x86_64-mingw32/bin/../lib/gcc/nios2-elf/4.9.1/../../../../../H-x86_64-mingw32/nios2-elf/lib\libc.a(lib_a-impure.o)
 .debug_aranges
                0x0000000000000a00       0x18 e:/altera/15.0/nios2eds/bin/gnu/h-x86_64-mingw32/bin/../lib/gcc/nios2-elf/4.9.1/../../../../../H-x86_64-mingw32/nios2-elf/lib\libc.a(lib_a-int_errno.o)
 .debug_aranges
                0x0000000000000a18       0x20 e:/altera/15.0/nios2eds/bin/gnu/h-x86_64-mingw32/bin/../lib/gcc/nios2-elf/4.9.1/../../../../../H-x86_64-mingw32/nios2-elf/lib\libc.a(lib_a-memcmp.o)
 .debug_aranges
                0x0000000000000a38       0x20 e:/altera/15.0/nios2eds/bin/gnu/h-x86_64-mingw32/bin/../lib/gcc/nios2-elf/4.9.1/../../../../../H-x86_64-mingw32/nios2-elf/lib\libc.a(lib_a-memcpy.o)
 .debug_aranges
                0x0000000000000a58       0x20 e:/altera/15.0/nios2eds/bin/gnu/h-x86_64-mingw32/bin/../lib/gcc/nios2-elf/4.9.1/../../../../../H-x86_64-mingw32/nios2-elf/lib\libc.a(lib_a-strlen.o)
 .debug_aranges
                0x0000000000000a78       0x20 e:/altera/15.0/nios2eds/bin/gnu/h-x86_64-mingw32/bin/../lib/gcc/nios2-elf/4.9.1/../../../../../H-x86_64-mingw32/nios2-elf/lib\libc.a(lib_a-__atexit.o)
 .debug_aranges
                0x0000000000000a98       0x20 e:/altera/15.0/nios2eds/bin/gnu/h-x86_64-mingw32/bin/../lib/gcc/nios2-elf/4.9.1/../../../../../H-x86_64-mingw32/nios2-elf/lib\libc.a(lib_a-__call_atexit.o)
 .debug_aranges
                0x0000000000000ab8       0x20 ../rt-thread_demo_bsp/\libhal_bsp.a(alt_exit.o)

.debug_pubnames
 *(.debug_pubnames)

.debug_info     0x0000000000000000    0x14f0b
 *(.debug_info .gnu.linkonce.wi.*)
 .debug_info    0x0000000000000000       0x82 ../rt-thread_demo_bsp//obj/HAL/src/crt0.o
 .debug_info    0x0000000000000082      0x446 obj/default/rt-thread/bsp/src/application.o
 .debug_info    0x00000000000004c8      0x10c obj/default/rt-thread/bsp/src/board.o
 .debug_info    0x00000000000005d4       0xab obj/default/rt-thread/bsp/src/startup.o
 .debug_info    0x000000000000067f      0x61a obj/default/rt-thread/bsp/src/uart.o
 .debug_info    0x0000000000000c99       0xc1 obj/default/rt-thread/libcpu/nios/nios_ii/interrupt.o
 .debug_info    0x0000000000000d5a       0xf3 obj/default/rt-thread/libcpu/nios/nios_ii/stack.o
 .debug_info    0x0000000000000e4d      0x3ed obj/default/rt-thread/src/clock.o
 .debug_info    0x000000000000123a      0x858 obj/default/rt-thread/src/device.o
 .debug_info    0x0000000000001a92      0x62f obj/default/rt-thread/src/idle.o
 .debug_info    0x00000000000020c1     0x1aa5 obj/default/rt-thread/src/ipc.o
 .debug_info    0x0000000000003b66      0x195 obj/default/rt-thread/src/irq.o
 .debug_info    0x0000000000003cfb     0x1152 obj/default/rt-thread/src/kservice.o
 .debug_info    0x0000000000004e4d      0x649 obj/default/rt-thread/src/mem.o
 .debug_info    0x0000000000005496      0x842 obj/default/rt-thread/src/mempool.o
 .debug_info    0x0000000000005cd8      0x80f obj/default/rt-thread/src/object.o
 .debug_info    0x00000000000064e7      0x752 obj/default/rt-thread/src/scheduler.o
 .debug_info    0x0000000000006c39       0x72 obj/default/rt-thread/src/slab.o
 .debug_info    0x0000000000006cab      0xb7d obj/default/rt-thread/src/thread.o
 .debug_info    0x0000000000007828      0x88b obj/default/rt-thread/src/timer.o
 .debug_info    0x00000000000080b3       0x9b obj/default/rt-thread/libcpu/nios/nios_ii/context_gcc.o
 .debug_info    0x000000000000814e       0x96 obj/default/rt-thread/libcpu/nios/nios_ii/vector.o
 .debug_info    0x00000000000081e4       0xc0 e:/altera/15.0/nios2eds/bin/gnu/h-x86_64-mingw32/bin/../lib/gcc/nios2-elf/4.9.1\libgcc.a(_fixunsdfsi.o)
 .debug_info    0x00000000000082a4      0x234 e:/altera/15.0/nios2eds/bin/gnu/h-x86_64-mingw32/bin/../lib/gcc/nios2-elf/4.9.1\libgcc.a(lib2-divmod.o)
 .debug_info    0x00000000000084d8      0x485 e:/altera/15.0/nios2eds/bin/gnu/h-x86_64-mingw32/bin/../lib/gcc/nios2-elf/4.9.1\libgcc.a(adddf3.o)
 .debug_info    0x000000000000895d      0x202 e:/altera/15.0/nios2eds/bin/gnu/h-x86_64-mingw32/bin/../lib/gcc/nios2-elf/4.9.1\libgcc.a(gedf2.o)
 .debug_info    0x0000000000008b5f      0x4a2 e:/altera/15.0/nios2eds/bin/gnu/h-x86_64-mingw32/bin/../lib/gcc/nios2-elf/4.9.1\libgcc.a(subdf3.o)
 .debug_info    0x0000000000009001      0x1a6 e:/altera/15.0/nios2eds/bin/gnu/h-x86_64-mingw32/bin/../lib/gcc/nios2-elf/4.9.1\libgcc.a(fixdfsi.o)
 .debug_info    0x00000000000091a7      0x1af e:/altera/15.0/nios2eds/bin/gnu/h-x86_64-mingw32/bin/../lib/gcc/nios2-elf/4.9.1\libgcc.a(floatunsidf.o)